<?xml version="1.0" encoding="ISO-8859-1" ?>
<link_info>
   <banner>MSP430 Linker PC v18.1.3.LTS</banner>
   <copyright>Copyright (c) 2003-2017 Texas Instruments Incorporated</copyright>
   <link_time>0x5cd56a7a</link_time>
   <link_errors>0x0</link_errors>
   <output_file>TwoPlayerShooty.out</output_file>
   <entry_point>
      <name>_c_int00_noargs</name>
      <address>0x4400</address>
   </entry_point>
   <input_file_list>
      <input_file id="fl-2">
         <path>.\</path>
         <kind>object</kind>
         <file>buffer.obj</file>
         <name>buffer.obj</name>
      </input_file>
      <input_file id="fl-3">
         <path>.\</path>
         <kind>object</kind>
         <file>buffer_printf.obj</file>
         <name>buffer_printf.obj</name>
      </input_file>
      <input_file id="fl-4">
         <path>.\</path>
         <kind>object</kind>
         <file>game.obj</file>
         <name>game.obj</name>
      </input_file>
      <input_file id="fl-5">
         <path>.\</path>
         <kind>object</kind>
         <file>hal_uart.obj</file>
         <name>hal_uart.obj</name>
      </input_file>
      <input_file id="fl-6">
         <path>.\</path>
         <kind>object</kind>
         <file>list.obj</file>
         <name>list.obj</name>
      </input_file>
      <input_file id="fl-7">
         <path>.\</path>
         <kind>object</kind>
         <file>main.obj</file>
         <name>main.obj</name>
      </input_file>
      <input_file id="fl-8">
         <path>.\</path>
         <kind>object</kind>
         <file>random_int.obj</file>
         <name>random_int.obj</name>
      </input_file>
      <input_file id="fl-9">
         <path>.\</path>
         <kind>object</kind>
         <file>subsystem.obj</file>
         <name>subsystem.obj</name>
      </input_file>
      <input_file id="fl-a">
         <path>.\</path>
         <kind>object</kind>
         <file>task.obj</file>
         <name>task.obj</name>
      </input_file>
      <input_file id="fl-b">
         <path>.\</path>
         <kind>object</kind>
         <file>terminal.obj</file>
         <name>terminal.obj</name>
      </input_file>
      <input_file id="fl-c">
         <path>.\</path>
         <kind>object</kind>
         <file>timing.obj</file>
         <name>timing.obj</name>
      </input_file>
      <input_file id="fl-d">
         <path>.\</path>
         <kind>object</kind>
         <file>muh_game.obj</file>
         <name>muh_game.obj</name>
      </input_file>
      <input_file id="fl-e">
         <path>.\</path>
         <kind>object</kind>
         <file>uart.obj</file>
         <name>uart.obj</name>
      </input_file>
      <input_file id="fl-14">
         <kind>object</kind>
         <file>&lt;internal&gt;</file>
         <name>&lt;internal&gt;</name>
      </input_file>
      <input_file id="fl-2f">
         <path>C:\ti\ccsv8\tools\compiler\ti-cgt-msp430_18.1.3.LTS\lib\</path>
         <kind>archive</kind>
         <file>rts430x_lc_rd_eabi.lib</file>
         <name>div16s.asm.obj</name>
      </input_file>
      <input_file id="fl-30">
         <path>C:\ti\ccsv8\tools\compiler\ti-cgt-msp430_18.1.3.LTS\lib\</path>
         <kind>archive</kind>
         <file>rts430x_lc_rd_eabi.lib</file>
         <name>div16u.asm.obj</name>
      </input_file>
      <input_file id="fl-31">
         <path>C:\ti\ccsv8\tools\compiler\ti-cgt-msp430_18.1.3.LTS\lib\</path>
         <kind>archive</kind>
         <file>rts430x_lc_rd_eabi.lib</file>
         <name>div32s.asm.obj</name>
      </input_file>
      <input_file id="fl-32">
         <path>C:\ti\ccsv8\tools\compiler\ti-cgt-msp430_18.1.3.LTS\lib\</path>
         <kind>archive</kind>
         <file>rts430x_lc_rd_eabi.lib</file>
         <name>div32u.asm.obj</name>
      </input_file>
      <input_file id="fl-33">
         <path>C:\ti\ccsv8\tools\compiler\ti-cgt-msp430_18.1.3.LTS\lib\</path>
         <kind>archive</kind>
         <file>rts430x_lc_rd_eabi.lib</file>
         <name>fs_mpy.asm.obj</name>
      </input_file>
      <input_file id="fl-34">
         <path>C:\ti\ccsv8\tools\compiler\ti-cgt-msp430_18.1.3.LTS\lib\</path>
         <kind>archive</kind>
         <file>rts430x_lc_rd_eabi.lib</file>
         <name>fs_toi.asm.obj</name>
      </input_file>
      <input_file id="fl-35">
         <path>C:\ti\ccsv8\tools\compiler\ti-cgt-msp430_18.1.3.LTS\lib\</path>
         <kind>archive</kind>
         <file>rts430x_lc_rd_eabi.lib</file>
         <name>fs_tol.asm.obj</name>
      </input_file>
      <input_file id="fl-36">
         <path>C:\ti\ccsv8\tools\compiler\ti-cgt-msp430_18.1.3.LTS\lib\</path>
         <kind>archive</kind>
         <file>rts430x_lc_rd_eabi.lib</file>
         <name>int41.asm.obj</name>
      </input_file>
      <input_file id="fl-37">
         <path>C:\ti\ccsv8\tools\compiler\ti-cgt-msp430_18.1.3.LTS\lib\</path>
         <kind>archive</kind>
         <file>rts430x_lc_rd_eabi.lib</file>
         <name>int42.asm.obj</name>
      </input_file>
      <input_file id="fl-38">
         <path>C:\ti\ccsv8\tools\compiler\ti-cgt-msp430_18.1.3.LTS\lib\</path>
         <kind>archive</kind>
         <file>rts430x_lc_rd_eabi.lib</file>
         <name>int43.asm.obj</name>
      </input_file>
      <input_file id="fl-39">
         <path>C:\ti\ccsv8\tools\compiler\ti-cgt-msp430_18.1.3.LTS\lib\</path>
         <kind>archive</kind>
         <file>rts430x_lc_rd_eabi.lib</file>
         <name>int44.asm.obj</name>
      </input_file>
      <input_file id="fl-3a">
         <path>C:\ti\ccsv8\tools\compiler\ti-cgt-msp430_18.1.3.LTS\lib\</path>
         <kind>archive</kind>
         <file>rts430x_lc_rd_eabi.lib</file>
         <name>int45.asm.obj</name>
      </input_file>
      <input_file id="fl-3b">
         <path>C:\ti\ccsv8\tools\compiler\ti-cgt-msp430_18.1.3.LTS\lib\</path>
         <kind>archive</kind>
         <file>rts430x_lc_rd_eabi.lib</file>
         <name>int46.asm.obj</name>
      </input_file>
      <input_file id="fl-3c">
         <path>C:\ti\ccsv8\tools\compiler\ti-cgt-msp430_18.1.3.LTS\lib\</path>
         <kind>archive</kind>
         <file>rts430x_lc_rd_eabi.lib</file>
         <name>int47.asm.obj</name>
      </input_file>
      <input_file id="fl-3d">
         <path>C:\ti\ccsv8\tools\compiler\ti-cgt-msp430_18.1.3.LTS\lib\</path>
         <kind>archive</kind>
         <file>rts430x_lc_rd_eabi.lib</file>
         <name>int48.asm.obj</name>
      </input_file>
      <input_file id="fl-3e">
         <path>C:\ti\ccsv8\tools\compiler\ti-cgt-msp430_18.1.3.LTS\lib\</path>
         <kind>archive</kind>
         <file>rts430x_lc_rd_eabi.lib</file>
         <name>int49.asm.obj</name>
      </input_file>
      <input_file id="fl-3f">
         <path>C:\ti\ccsv8\tools\compiler\ti-cgt-msp430_18.1.3.LTS\lib\</path>
         <kind>archive</kind>
         <file>rts430x_lc_rd_eabi.lib</file>
         <name>int50.asm.obj</name>
      </input_file>
      <input_file id="fl-40">
         <path>C:\ti\ccsv8\tools\compiler\ti-cgt-msp430_18.1.3.LTS\lib\</path>
         <kind>archive</kind>
         <file>rts430x_lc_rd_eabi.lib</file>
         <name>int51.asm.obj</name>
      </input_file>
      <input_file id="fl-41">
         <path>C:\ti\ccsv8\tools\compiler\ti-cgt-msp430_18.1.3.LTS\lib\</path>
         <kind>archive</kind>
         <file>rts430x_lc_rd_eabi.lib</file>
         <name>int52.asm.obj</name>
      </input_file>
      <input_file id="fl-42">
         <path>C:\ti\ccsv8\tools\compiler\ti-cgt-msp430_18.1.3.LTS\lib\</path>
         <kind>archive</kind>
         <file>rts430x_lc_rd_eabi.lib</file>
         <name>int54.asm.obj</name>
      </input_file>
      <input_file id="fl-43">
         <path>C:\ti\ccsv8\tools\compiler\ti-cgt-msp430_18.1.3.LTS\lib\</path>
         <kind>archive</kind>
         <file>rts430x_lc_rd_eabi.lib</file>
         <name>int55.asm.obj</name>
      </input_file>
      <input_file id="fl-44">
         <path>C:\ti\ccsv8\tools\compiler\ti-cgt-msp430_18.1.3.LTS\lib\</path>
         <kind>archive</kind>
         <file>rts430x_lc_rd_eabi.lib</file>
         <name>int57.asm.obj</name>
      </input_file>
      <input_file id="fl-45">
         <path>C:\ti\ccsv8\tools\compiler\ti-cgt-msp430_18.1.3.LTS\lib\</path>
         <kind>archive</kind>
         <file>rts430x_lc_rd_eabi.lib</file>
         <name>int58.asm.obj</name>
      </input_file>
      <input_file id="fl-46">
         <path>C:\ti\ccsv8\tools\compiler\ti-cgt-msp430_18.1.3.LTS\lib\</path>
         <kind>archive</kind>
         <file>rts430x_lc_rd_eabi.lib</file>
         <name>int59.asm.obj</name>
      </input_file>
      <input_file id="fl-47">
         <path>C:\ti\ccsv8\tools\compiler\ti-cgt-msp430_18.1.3.LTS\lib\</path>
         <kind>archive</kind>
         <file>rts430x_lc_rd_eabi.lib</file>
         <name>int60.asm.obj</name>
      </input_file>
      <input_file id="fl-48">
         <path>C:\ti\ccsv8\tools\compiler\ti-cgt-msp430_18.1.3.LTS\lib\</path>
         <kind>archive</kind>
         <file>rts430x_lc_rd_eabi.lib</file>
         <name>int61.asm.obj</name>
      </input_file>
      <input_file id="fl-49">
         <path>C:\ti\ccsv8\tools\compiler\ti-cgt-msp430_18.1.3.LTS\lib\</path>
         <kind>archive</kind>
         <file>rts430x_lc_rd_eabi.lib</file>
         <name>int62.asm.obj</name>
      </input_file>
      <input_file id="fl-4a">
         <path>C:\ti\ccsv8\tools\compiler\ti-cgt-msp430_18.1.3.LTS\lib\</path>
         <kind>archive</kind>
         <file>rts430x_lc_rd_eabi.lib</file>
         <name>isr_trap.asm.obj</name>
      </input_file>
      <input_file id="fl-4b">
         <path>C:\ti\ccsv8\tools\compiler\ti-cgt-msp430_18.1.3.LTS\lib\</path>
         <kind>archive</kind>
         <file>rts430x_lc_rd_eabi.lib</file>
         <name>lsl16.asm.obj</name>
      </input_file>
      <input_file id="fl-4c">
         <path>C:\ti\ccsv8\tools\compiler\ti-cgt-msp430_18.1.3.LTS\lib\</path>
         <kind>archive</kind>
         <file>rts430x_lc_rd_eabi.lib</file>
         <name>lsr32.asm.obj</name>
      </input_file>
      <input_file id="fl-4d">
         <path>C:\ti\ccsv8\tools\compiler\ti-cgt-msp430_18.1.3.LTS\lib\</path>
         <kind>archive</kind>
         <file>rts430x_lc_rd_eabi.lib</file>
         <name>mult16.asm.obj</name>
      </input_file>
      <input_file id="fl-4e">
         <path>C:\ti\ccsv8\tools\compiler\ti-cgt-msp430_18.1.3.LTS\lib\</path>
         <kind>archive</kind>
         <file>rts430x_lc_rd_eabi.lib</file>
         <name>mult16_f5hw.asm.obj</name>
      </input_file>
      <input_file id="fl-4f">
         <path>C:\ti\ccsv8\tools\compiler\ti-cgt-msp430_18.1.3.LTS\lib\</path>
         <kind>archive</kind>
         <file>rts430x_lc_rd_eabi.lib</file>
         <name>mult1632_f5hw.asm.obj</name>
      </input_file>
      <input_file id="fl-50">
         <path>C:\ti\ccsv8\tools\compiler\ti-cgt-msp430_18.1.3.LTS\lib\</path>
         <kind>archive</kind>
         <file>rts430x_lc_rd_eabi.lib</file>
         <name>mult32.asm.obj</name>
      </input_file>
      <input_file id="fl-51">
         <path>C:\ti\ccsv8\tools\compiler\ti-cgt-msp430_18.1.3.LTS\lib\</path>
         <kind>archive</kind>
         <file>rts430x_lc_rd_eabi.lib</file>
         <name>mult32_f5hw.asm.obj</name>
      </input_file>
      <input_file id="fl-52">
         <path>C:\ti\ccsv8\tools\compiler\ti-cgt-msp430_18.1.3.LTS\lib\</path>
         <kind>archive</kind>
         <file>rts430x_lc_rd_eabi.lib</file>
         <name>mult3264_f5hw.asm.obj</name>
      </input_file>
      <input_file id="fl-53">
         <path>C:\ti\ccsv8\tools\compiler\ti-cgt-msp430_18.1.3.LTS\lib\</path>
         <kind>archive</kind>
         <file>rts430x_lc_rd_eabi.lib</file>
         <name>mult64_f5hw.asm.obj</name>
      </input_file>
      <input_file id="fl-54">
         <path>C:\ti\ccsv8\tools\compiler\ti-cgt-msp430_18.1.3.LTS\lib\</path>
         <kind>archive</kind>
         <file>rts430x_lc_rd_eabi.lib</file>
         <name>boot.c.obj</name>
      </input_file>
      <input_file id="fl-55">
         <path>C:\ti\ccsv8\tools\compiler\ti-cgt-msp430_18.1.3.LTS\lib\</path>
         <kind>archive</kind>
         <file>rts430x_lc_rd_eabi.lib</file>
         <name>autoinit.c.obj</name>
      </input_file>
      <input_file id="fl-56">
         <path>C:\ti\ccsv8\tools\compiler\ti-cgt-msp430_18.1.3.LTS\lib\</path>
         <kind>archive</kind>
         <file>rts430x_lc_rd_eabi.lib</file>
         <name>copy_zero_init.c.obj</name>
      </input_file>
      <input_file id="fl-57">
         <path>C:\ti\ccsv8\tools\compiler\ti-cgt-msp430_18.1.3.LTS\lib\</path>
         <kind>archive</kind>
         <file>rts430x_lc_rd_eabi.lib</file>
         <name>cpy_tbl.c.obj</name>
      </input_file>
      <input_file id="fl-58">
         <path>C:\ti\ccsv8\tools\compiler\ti-cgt-msp430_18.1.3.LTS\lib\</path>
         <kind>archive</kind>
         <file>rts430x_lc_rd_eabi.lib</file>
         <name>mpu_init.c.obj</name>
      </input_file>
      <input_file id="fl-59">
         <path>C:\ti\ccsv8\tools\compiler\ti-cgt-msp430_18.1.3.LTS\lib\</path>
         <kind>archive</kind>
         <file>rts430x_lc_rd_eabi.lib</file>
         <name>pre_init.c.obj</name>
      </input_file>
      <input_file id="fl-5a">
         <path>C:\ti\ccsv8\tools\compiler\ti-cgt-msp430_18.1.3.LTS\lib\</path>
         <kind>archive</kind>
         <file>rts430x_lc_rd_eabi.lib</file>
         <name>startup.c.obj</name>
      </input_file>
      <input_file id="fl-5b">
         <path>C:\ti\ccsv8\tools\compiler\ti-cgt-msp430_18.1.3.LTS\lib\</path>
         <kind>archive</kind>
         <file>rts430x_lc_rd_eabi.lib</file>
         <name>copy_decompress_none.c.obj</name>
      </input_file>
      <input_file id="fl-5c">
         <path>C:\ti\ccsv8\tools\compiler\ti-cgt-msp430_18.1.3.LTS\lib\</path>
         <kind>archive</kind>
         <file>rts430x_lc_rd_eabi.lib</file>
         <name>copy_decompress_lzss.c.obj</name>
      </input_file>
      <input_file id="fl-5d">
         <path>C:\ti\ccsv8\tools\compiler\ti-cgt-msp430_18.1.3.LTS\lib\</path>
         <kind>archive</kind>
         <file>rts430x_lc_rd_eabi.lib</file>
         <name>cvtdf.c.obj</name>
      </input_file>
      <input_file id="fl-5e">
         <path>C:\ti\ccsv8\tools\compiler\ti-cgt-msp430_18.1.3.LTS\lib\</path>
         <kind>archive</kind>
         <file>rts430x_lc_rd_eabi.lib</file>
         <name>divd.c.obj</name>
      </input_file>
      <input_file id="fl-5f">
         <path>C:\ti\ccsv8\tools\compiler\ti-cgt-msp430_18.1.3.LTS\lib\</path>
         <kind>archive</kind>
         <file>rts430x_lc_rd_eabi.lib</file>
         <name>fixdi.c.obj</name>
      </input_file>
      <input_file id="fl-60">
         <path>C:\ti\ccsv8\tools\compiler\ti-cgt-msp430_18.1.3.LTS\lib\</path>
         <kind>archive</kind>
         <file>rts430x_lc_rd_eabi.lib</file>
         <name>fixdli.c.obj</name>
      </input_file>
      <input_file id="fl-61">
         <path>C:\ti\ccsv8\tools\compiler\ti-cgt-msp430_18.1.3.LTS\lib\</path>
         <kind>archive</kind>
         <file>rts430x_lc_rd_eabi.lib</file>
         <name>fltid.c.obj</name>
      </input_file>
      <input_file id="fl-62">
         <path>C:\ti\ccsv8\tools\compiler\ti-cgt-msp430_18.1.3.LTS\lib\</path>
         <kind>archive</kind>
         <file>rts430x_lc_rd_eabi.lib</file>
         <name>fltlid.c.obj</name>
      </input_file>
      <input_file id="fl-63">
         <path>C:\ti\ccsv8\tools\compiler\ti-cgt-msp430_18.1.3.LTS\lib\</path>
         <kind>archive</kind>
         <file>rts430x_lc_rd_eabi.lib</file>
         <name>fltud.c.obj</name>
      </input_file>
      <input_file id="fl-64">
         <path>C:\ti\ccsv8\tools\compiler\ti-cgt-msp430_18.1.3.LTS\lib\</path>
         <kind>archive</kind>
         <file>rts430x_lc_rd_eabi.lib</file>
         <name>fltuld.c.obj</name>
      </input_file>
      <input_file id="fl-65">
         <path>C:\ti\ccsv8\tools\compiler\ti-cgt-msp430_18.1.3.LTS\lib\</path>
         <kind>archive</kind>
         <file>rts430x_lc_rd_eabi.lib</file>
         <name>frcdivd.c.obj</name>
      </input_file>
      <input_file id="fl-66">
         <path>C:\ti\ccsv8\tools\compiler\ti-cgt-msp430_18.1.3.LTS\lib\</path>
         <kind>archive</kind>
         <file>rts430x_lc_rd_eabi.lib</file>
         <name>mpyd.c.obj</name>
      </input_file>
      <input_file id="fl-67">
         <path>C:\ti\ccsv8\tools\compiler\ti-cgt-msp430_18.1.3.LTS\lib\</path>
         <kind>archive</kind>
         <file>rts430x_lc_rd_eabi.lib</file>
         <name>exit.c.obj</name>
      </input_file>
      <input_file id="fl-68">
         <path>C:\ti\ccsv8\tools\compiler\ti-cgt-msp430_18.1.3.LTS\lib\</path>
         <kind>archive</kind>
         <file>rts430x_lc_rd_eabi.lib</file>
         <name>_lock.c.obj</name>
      </input_file>
      <input_file id="fl-69">
         <path>C:\ti\ccsv8\tools\compiler\ti-cgt-msp430_18.1.3.LTS\lib\</path>
         <kind>archive</kind>
         <file>rts430x_lc_rd_eabi.lib</file>
         <name>args_main.c.obj</name>
      </input_file>
      <input_file id="fl-6a">
         <path>C:\ti\ccsv8\tools\compiler\ti-cgt-msp430_18.1.3.LTS\lib\</path>
         <kind>archive</kind>
         <file>rts430x_lc_rd_eabi.lib</file>
         <name>memcpy.c.obj</name>
      </input_file>
      <input_file id="fl-6b">
         <path>C:\ti\ccsv8\tools\compiler\ti-cgt-msp430_18.1.3.LTS\lib\</path>
         <kind>archive</kind>
         <file>rts430x_lc_rd_eabi.lib</file>
         <name>rand.c.obj</name>
      </input_file>
      <input_file id="fl-6c">
         <path>C:\ti\ccsv8\tools\compiler\ti-cgt-msp430_18.1.3.LTS\lib\</path>
         <kind>archive</kind>
         <file>rts430x_lc_rd_eabi.lib</file>
         <name>strcasecmp.c.obj</name>
      </input_file>
      <input_file id="fl-6d">
         <path>C:\ti\ccsv8\tools\compiler\ti-cgt-msp430_18.1.3.LTS\lib\</path>
         <kind>archive</kind>
         <file>rts430x_lc_rd_eabi.lib</file>
         <name>strlen.c.obj</name>
      </input_file>
      <input_file id="fl-6e">
         <path>C:\ti\ccsv8\tools\compiler\ti-cgt-msp430_18.1.3.LTS\lib\</path>
         <kind>archive</kind>
         <file>rts430x_lc_rd_eabi.lib</file>
         <name>tolower.c.obj</name>
      </input_file>
      <input_file id="fl-6f">
         <path>C:\ti\ccsv8\tools\compiler\ti-cgt-msp430_18.1.3.LTS\lib\</path>
         <kind>archive</kind>
         <file>rts430x_lc_rd_eabi.lib</file>
         <name>asr32.asm.obj</name>
      </input_file>
      <input_file id="fl-70">
         <path>C:\ti\ccsv8\tools\compiler\ti-cgt-msp430_18.1.3.LTS\lib\</path>
         <kind>archive</kind>
         <file>rts430x_lc_rd_eabi.lib</file>
         <name>lsl32.asm.obj</name>
      </input_file>
      <input_file id="fl-71">
         <path>C:\ti\ccsv8\tools\compiler\ti-cgt-msp430_18.1.3.LTS\lib\</path>
         <kind>archive</kind>
         <file>rts430x_lc_rd_eabi.lib</file>
         <name>exit_gvars.c.obj</name>
      </input_file>
      <input_file id="fl-72">
         <path>C:\ti\ccsv8\tools\compiler\ti-cgt-msp430_18.1.3.LTS\lib\</path>
         <kind>archive</kind>
         <file>rts430x_lc_rd_eabi.lib</file>
         <name>lsr64.c.obj</name>
      </input_file>
      <input_file id="fl-73">
         <path>C:\ti\ccsv8\tools\compiler\ti-cgt-msp430_18.1.3.LTS\lib\</path>
         <kind>archive</kind>
         <file>rts430x_lc_rd_eabi.lib</file>
         <name>frcmpyd.c.obj</name>
      </input_file>
      <input_file id="fl-74">
         <path>C:\ti\ccsv8\tools\compiler\ti-cgt-msp430_18.1.3.LTS\lib\</path>
         <kind>archive</kind>
         <file>rts430x_lc_rd_eabi.lib</file>
         <name>ctype.c.obj</name>
      </input_file>
   </input_file_list>
   <object_component_list>
      <object_component id="oc-969">
         <name>.bss:receive_buffer</name>
         <uninitialized>true</uninitialized>
         <run_address>0x409e</run_address>
         <size>0x40</size>
         <input_file_ref idref="fl-9"/>
      </object_component>
      <object_component id="oc-968">
         <name>.bss</name>
         <uninitialized>true</uninitialized>
         <run_address>0x41de</run_address>
         <size>0x2</size>
         <input_file_ref idref="fl-9"/>
      </object_component>
      <object_component id="oc-847">
         <name>.bss</name>
         <uninitialized>true</uninitialized>
         <run_address>0x41ba</run_address>
         <size>0x8</size>
         <input_file_ref idref="fl-d"/>
      </object_component>
      <object_component id="oc-6ae">
         <name>.common:games</name>
         <uninitialized>true</uninitialized>
         <run_address>0x3aa8</run_address>
         <size>0x30c</size>
      </object_component>
      <object_component id="oc-7d4">
         <name>.common:game_id</name>
         <uninitialized>true</uninitialized>
         <run_address>0x41e1</run_address>
         <size>0x1</size>
      </object_component>
      <object_component id="oc-680">
         <name>.common:shots1</name>
         <uninitialized>true</uninitialized>
         <run_address>0x4180</run_address>
         <size>0x14</size>
      </object_component>
      <object_component id="oc-681">
         <name>.common:shots2</name>
         <uninitialized>true</uninitialized>
         <run_address>0x4194</run_address>
         <size>0x14</size>
      </object_component>
      <object_component id="oc-59a">
         <name>.common:game</name>
         <uninitialized>true</uninitialized>
         <run_address>0x4166</run_address>
         <size>0x1a</size>
      </object_component>
      <object_component id="oc-5a6">
         <name>.common:sys</name>
         <uninitialized>true</uninitialized>
         <run_address>0x400c</run_address>
         <size>0x92</size>
      </object_component>
      <object_component id="oc-53f">
         <name>.common:task_list_array</name>
         <uninitialized>true</uninitialized>
         <run_address>0x3788</run_address>
         <size>0x320</size>
      </object_component>
      <object_component id="oc-53b">
         <name>.common:task_list_links</name>
         <uninitialized>true</uninitialized>
         <run_address>0x3db4</run_address>
         <size>0x258</size>
      </object_component>
      <object_component id="oc-53e">
         <name>.common:task_list</name>
         <uninitialized>true</uninitialized>
         <run_address>0x40de</run_address>
         <size>0x30</size>
      </object_component>
      <object_component id="oc-55e">
         <name>.common:idle_task</name>
         <uninitialized>true</uninitialized>
         <run_address>0x41d2</run_address>
         <size>0x4</size>
      </object_component>
      <object_component id="oc-3f8">
         <name>.common:time_ms</name>
         <uninitialized>true</uninitialized>
         <run_address>0x41da</run_address>
         <size>0x4</size>
      </object_component>
      <object_component id="oc-615">
         <name>.common:rollover_time</name>
         <uninitialized>true</uninitialized>
         <run_address>0x41d6</run_address>
         <size>0x4</size>
      </object_component>
      <object_component id="oc-57a">
         <name>.common:rx0</name>
         <uninitialized>true</uninitialized>
         <run_address>0x412e</run_address>
         <size>0x1c</size>
      </object_component>
      <object_component id="oc-582">
         <name>.common:tx0</name>
         <uninitialized>true</uninitialized>
         <run_address>0x414a</run_address>
         <size>0x1c</size>
      </object_component>
      <object_component id="oc-583">
         <name>.common:tx_buffer_array0</name>
         <uninitialized>true</uninitialized>
         <run_address>0x2400</run_address>
         <size>0x1388</size>
      </object_component>
      <object_component id="oc-57b">
         <name>.common:rx_buffer_array0</name>
         <uninitialized>true</uninitialized>
         <run_address>0x410e</run_address>
         <size>0x20</size>
      </object_component>
      <object_component id="oc-584">
         <name>.common:receiverList0</name>
         <uninitialized>true</uninitialized>
         <run_address>0x41c2</run_address>
         <size>0x8</size>
      </object_component>
      <object_component id="oc-585">
         <name>.common:receiver_array0</name>
         <uninitialized>true</uninitialized>
         <run_address>0x41ca</run_address>
         <size>0x8</size>
      </object_component>
      <object_component id="oc-458">
         <name>.common:uart</name>
         <uninitialized>true</uninitialized>
         <run_address>0x41a8</run_address>
         <size>0x12</size>
      </object_component>
      <object_component id="oc-46c">
         <name>.common:rx_flags</name>
         <uninitialized>true</uninitialized>
         <run_address>0x41e2</run_address>
         <size>0x1</size>
      </object_component>
      <object_component id="oc-573">
         <name>.common:error_flags</name>
         <uninitialized>true</uninitialized>
         <run_address>0x41e0</run_address>
         <size>0x1</size>
      </object_component>
      <object_component id="oc-6a8">
         <name>.data</name>
         <load_address>0x41f8</load_address>
         <run_address>0x41f8</run_address>
         <size>0x4</size>
         <input_file_ref idref="fl-4"/>
      </object_component>
      <object_component id="oc-8ab">
         <name>.data</name>
         <load_address>0x4200</load_address>
         <run_address>0x4200</run_address>
         <size>0x2</size>
         <input_file_ref idref="fl-6"/>
      </object_component>
      <object_component id="oc-999">
         <name>.data:log_level_str</name>
         <load_address>0x41e4</load_address>
         <run_address>0x41e4</run_address>
         <size>0x14</size>
         <input_file_ref idref="fl-9"/>
      </object_component>
      <object_component id="oc-90b">
         <name>.data</name>
         <load_address>0x41fc</load_address>
         <run_address>0x41fc</run_address>
         <size>0x4</size>
         <input_file_ref idref="fl-9"/>
      </object_component>
      <object_component id="oc-534">
         <name>.data</name>
         <load_address>0x4202</load_address>
         <run_address>0x4202</run_address>
         <size>0x1</size>
         <input_file_ref idref="fl-a"/>
      </object_component>
      <object_component id="oc-614">
         <name>.data</name>
         <load_address>0x4203</load_address>
         <run_address>0x4203</run_address>
         <size>0x1</size>
         <input_file_ref idref="fl-c"/>
      </object_component>
      <object_component id="oc-56c">
         <name>.data</name>
         <load_address>0x4204</load_address>
         <run_address>0x4204</run_address>
         <size>0x1</size>
         <input_file_ref idref="fl-e"/>
      </object_component>
      <object_component id="oc-37d">
         <name>.stack</name>
         <uninitialized>true</uninitialized>
         <run_address>0x4360</run_address>
         <size>0x4</size>
         <input_file_ref idref="fl-54"/>
      </object_component>
      <object_component id="oc-a13">
         <name>.stack</name>
         <uninitialized>true</uninitialized>
         <run_address>0x4360</run_address>
         <size>0x0</size>
      </object_component>
      <object_component id="oc-8e2">
         <name>.text:__TI_frcdivd</name>
         <load_address>0x10000</load_address>
         <run_address>0x10000</run_address>
         <size>0x466</size>
         <input_file_ref idref="fl-65"/>
      </object_component>
      <object_component id="oc-588">
         <name>.text:Play</name>
         <load_address>0x10466</load_address>
         <run_address>0x10466</run_address>
         <size>0x2c2</size>
         <input_file_ref idref="fl-d"/>
      </object_component>
      <object_component id="oc-8ce">
         <name>.text:__TI_frcmpyd</name>
         <load_address>0x10728</load_address>
         <run_address>0x10728</run_address>
         <size>0x280</size>
         <input_file_ref idref="fl-73"/>
      </object_component>
      <object_component id="oc-854">
         <name>.text:__mspabi_mpyd</name>
         <load_address>0x109a8</load_address>
         <run_address>0x109a8</run_address>
         <size>0x266</size>
         <input_file_ref idref="fl-66"/>
      </object_component>
      <object_component id="oc-910">
         <name>.text:SystemCallback</name>
         <load_address>0x10c0e</load_address>
         <run_address>0x10c0e</run_address>
         <size>0x254</size>
         <input_file_ref idref="fl-9"/>
      </object_component>
      <object_component id="oc-860">
         <name>.text:__mspabi_divd</name>
         <load_address>0x10e62</load_address>
         <run_address>0x10e62</run_address>
         <size>0x222</size>
         <input_file_ref idref="fl-5e"/>
      </object_component>
      <object_component id="oc-574">
         <name>.text:hal_UART_Init</name>
         <load_address>0x11084</load_address>
         <run_address>0x11084</run_address>
         <size>0x200</size>
         <input_file_ref idref="fl-5"/>
      </object_component>
      <object_component id="oc-797">
         <name>.text:GameOver</name>
         <load_address>0x11284</load_address>
         <run_address>0x11284</run_address>
         <size>0x1e6</size>
         <input_file_ref idref="fl-d"/>
      </object_component>
      <object_component id="oc-7c8">
         <name>.text:Game_Callback</name>
         <load_address>0x1146a</load_address>
         <run_address>0x1146a</run_address>
         <size>0x1e6</size>
         <input_file_ref idref="fl-4"/>
      </object_component>
      <object_component id="oc-5aa">
         <name>.text:Buffer_vprintf</name>
         <load_address>0x11650</load_address>
         <run_address>0x11650</run_address>
         <size>0x1d4</size>
         <input_file_ref idref="fl-3"/>
      </object_component>
      <object_component id="oc-56d">
         <name>.text:UART_Tick</name>
         <load_address>0x11824</load_address>
         <run_address>0x11824</run_address>
         <size>0x1a0</size>
         <input_file_ref idref="fl-e"/>
      </object_component>
      <object_component id="oc-96c">
         <name>.text:ProcessMsg</name>
         <load_address>0x119c4</load_address>
         <run_address>0x119c4</run_address>
         <size>0x134</size>
         <input_file_ref idref="fl-9"/>
      </object_component>
      <object_component id="oc-79d">
         <name>.text:Fire1</name>
         <load_address>0x11af8</load_address>
         <run_address>0x11af8</run_address>
         <size>0x12a</size>
         <input_file_ref idref="fl-d"/>
      </object_component>
      <object_component id="oc-7a9">
         <name>.text:Fire2</name>
         <load_address>0x11c22</load_address>
         <run_address>0x11c22</run_address>
         <size>0x128</size>
         <input_file_ref idref="fl-d"/>
      </object_component>
      <object_component id="oc-709">
         <name>.text:Link</name>
         <load_address>0x11d4a</load_address>
         <run_address>0x11d4a</run_address>
         <size>0x118</size>
         <input_file_ref idref="fl-6"/>
      </object_component>
      <object_component id="oc-712">
         <name>.text:Unlink</name>
         <load_address>0x11e62</load_address>
         <run_address>0x11e62</run_address>
         <size>0xf8</size>
         <input_file_ref idref="fl-6"/>
      </object_component>
      <object_component id="oc-5d5">
         <name>.text:List_LinkItem</name>
         <load_address>0x11f5a</load_address>
         <run_address>0x11f5a</run_address>
         <size>0xbe</size>
         <input_file_ref idref="fl-6"/>
      </object_component>
      <object_component id="oc-4bc">
         <name>.text:SystemTick</name>
         <load_address>0x12018</load_address>
         <run_address>0x12018</run_address>
         <size>0xb8</size>
         <input_file_ref idref="fl-a"/>
      </object_component>
      <object_component id="oc-7f0">
         <name>.text</name>
         <load_address>0x120d0</load_address>
         <run_address>0x120d0</run_address>
         <size>0xb8</size>
         <input_file_ref idref="fl-33"/>
      </object_component>
      <object_component id="oc-6d0">
         <name>.text:Buffer_HexN</name>
         <load_address>0x12188</load_address>
         <run_address>0x12188</run_address>
         <size>0xb4</size>
         <input_file_ref idref="fl-3"/>
      </object_component>
      <object_component id="oc-674">
         <name>.text:Game_DrawRect</name>
         <load_address>0x1223c</load_address>
         <run_address>0x1223c</run_address>
         <size>0xb0</size>
         <input_file_ref idref="fl-4"/>
      </object_component>
      <object_component id="oc-5b7">
         <name>.text:List_Link</name>
         <load_address>0x122ec</load_address>
         <run_address>0x122ec</run_address>
         <size>0xa8</size>
         <input_file_ref idref="fl-6"/>
      </object_component>
      <object_component id="oc-80d">
         <name>.text:FindUnusedLink</name>
         <load_address>0x12394</load_address>
         <run_address>0x12394</run_address>
         <size>0x9e</size>
         <input_file_ref idref="fl-6"/>
      </object_component>
      <object_component id="oc-4a3">
         <name>.text:UART_Init</name>
         <load_address>0x12432</load_address>
         <run_address>0x12432</run_address>
         <size>0x9e</size>
         <input_file_ref idref="fl-e"/>
      </object_component>
      <object_component id="oc-8db">
         <name>.text:__mspabi_fltlid</name>
         <load_address>0x124d0</load_address>
         <run_address>0x124d0</run_address>
         <size>0x9e</size>
         <input_file_ref idref="fl-62"/>
      </object_component>
      <object_component id="oc-6fa">
         <name>.text:Buffer_Float</name>
         <load_address>0x1256e</load_address>
         <run_address>0x1256e</run_address>
         <size>0x9c</size>
         <input_file_ref idref="fl-3"/>
      </object_component>
      <object_component id="oc-8b0">
         <name>.text:UART_UnregisterReceiver</name>
         <load_address>0x1260a</load_address>
         <run_address>0x1260a</run_address>
         <size>0x9c</size>
         <input_file_ref idref="fl-e"/>
      </object_component>
      <object_component id="oc-461">
         <name>.text:Buffer_Enqueue</name>
         <load_address>0x126a6</load_address>
         <run_address>0x126a6</run_address>
         <size>0x90</size>
         <input_file_ref idref="fl-2"/>
      </object_component>
      <object_component id="oc-540">
         <name>.text:List_Init</name>
         <load_address>0x12736</load_address>
         <run_address>0x12736</run_address>
         <size>0x8c</size>
         <input_file_ref idref="fl-6"/>
      </object_component>
      <object_component id="oc-91b">
         <name>.text:Task_Remove</name>
         <load_address>0x127c2</load_address>
         <run_address>0x127c2</run_address>
         <size>0x8c</size>
         <input_file_ref idref="fl-a"/>
      </object_component>
      <object_component id="oc-6f4">
         <name>.text:__mspabi_cvtdf</name>
         <load_address>0x1284e</load_address>
         <run_address>0x1284e</run_address>
         <size>0x8c</size>
         <input_file_ref idref="fl-5d"/>
      </object_component>
      <object_component id="oc-916">
         <name>.text:Receiver</name>
         <load_address>0x128da</load_address>
         <run_address>0x128da</run_address>
         <size>0x80</size>
         <input_file_ref idref="fl-9"/>
      </object_component>
      <object_component id="oc-8c7">
         <name>.text:__mspabi_fltuld</name>
         <load_address>0x1295a</load_address>
         <run_address>0x1295a</run_address>
         <size>0x80</size>
         <input_file_ref idref="fl-64"/>
      </object_component>
      <object_component id="oc-688">
         <name>.text:Receiver1</name>
         <load_address>0x129da</load_address>
         <run_address>0x129da</run_address>
         <size>0x7e</size>
         <input_file_ref idref="fl-d"/>
      </object_component>
      <object_component id="oc-7f5">
         <name>.text</name>
         <load_address>0x12a58</load_address>
         <run_address>0x12a58</run_address>
         <size>0x7e</size>
         <input_file_ref idref="fl-35"/>
      </object_component>
      <object_component id="oc-7ce">
         <name>.text:Subsystem_Init</name>
         <load_address>0x12ad6</load_address>
         <run_address>0x12ad6</run_address>
         <size>0x7c</size>
         <input_file_ref idref="fl-9"/>
      </object_component>
      <object_component id="oc-497">
         <name>.text:SetClk24MHz</name>
         <load_address>0x12b52</load_address>
         <run_address>0x12b52</run_address>
         <size>0x78</size>
         <input_file_ref idref="fl-7"/>
      </object_component>
      <object_component id="oc-6d">
         <name>.text:decompress:lzss:__TI_decompress_lzss</name>
         <load_address>0x12bca</load_address>
         <run_address>0x12bca</run_address>
         <size>0x76</size>
         <input_file_ref idref="fl-5c"/>
      </object_component>
      <object_component id="oc-49d">
         <name>.text:Task_Init</name>
         <load_address>0x12c40</load_address>
         <run_address>0x12c40</run_address>
         <size>0x70</size>
         <input_file_ref idref="fl-a"/>
      </object_component>
      <object_component id="oc-7eb">
         <name>.text</name>
         <load_address>0x12cb0</load_address>
         <run_address>0x12cb0</run_address>
         <size>0x68</size>
         <input_file_ref idref="fl-34"/>
      </object_component>
      <object_component id="oc-8ea">
         <name>.text:__mspabi_fixdli</name>
         <load_address>0x12d18</load_address>
         <run_address>0x12d18</run_address>
         <size>0x66</size>
         <input_file_ref idref="fl-60"/>
      </object_component>
      <object_component id="oc-719">
         <name>.text:FindLinkByItem</name>
         <load_address>0x12d7e</load_address>
         <run_address>0x12d7e</run_address>
         <size>0x64</size>
         <input_file_ref idref="fl-6"/>
      </object_component>
      <object_component id="oc-6dc">
         <name>.text:Buffer_uint32</name>
         <load_address>0x12de2</load_address>
         <run_address>0x12de2</run_address>
         <size>0x62</size>
         <input_file_ref idref="fl-3"/>
      </object_component>
      <object_component id="oc-7c3">
         <name>.text:Cursor</name>
         <load_address>0x12e44</load_address>
         <run_address>0x12e44</run_address>
         <size>0x5a</size>
         <input_file_ref idref="fl-4"/>
      </object_component>
      <object_component id="oc-594">
         <name>.text:Game_Register</name>
         <load_address>0x12e9e</load_address>
         <run_address>0x12e9e</run_address>
         <size>0x5a</size>
         <input_file_ref idref="fl-4"/>
      </object_component>
      <object_component id="oc-95b">
         <name>.text:Subsystem_Write</name>
         <load_address>0x12ef8</load_address>
         <run_address>0x12ef8</run_address>
         <size>0x5a</size>
         <input_file_ref idref="fl-9"/>
      </object_component>
      <object_component id="oc-8f7">
         <name>.text:CheckCollisionPlayer1</name>
         <load_address>0x12f52</load_address>
         <run_address>0x12f52</run_address>
         <size>0x58</size>
         <input_file_ref idref="fl-d"/>
      </object_component>
      <object_component id="oc-791">
         <name>.text:MoveRight1</name>
         <load_address>0x12faa</load_address>
         <run_address>0x12faa</run_address>
         <size>0x58</size>
         <input_file_ref idref="fl-d"/>
      </object_component>
      <object_component id="oc-64a">
         <name>.text</name>
         <load_address>0x13002</load_address>
         <run_address>0x13002</run_address>
         <size>0x58</size>
         <input_file_ref idref="fl-32"/>
      </object_component>
      <object_component id="oc-8c0">
         <name>.text:CheckCollisionPlayer2</name>
         <load_address>0x1305a</load_address>
         <run_address>0x1305a</run_address>
         <size>0x56</size>
         <input_file_ref idref="fl-d"/>
      </object_component>
      <object_component id="oc-7a3">
         <name>.text:MoveLeft1</name>
         <load_address>0x130b0</load_address>
         <run_address>0x130b0</run_address>
         <size>0x56</size>
         <input_file_ref idref="fl-d"/>
      </object_component>
      <object_component id="oc-5b0">
         <name>.text:UART_Tx_Start</name>
         <load_address>0x13106</load_address>
         <run_address>0x13106</run_address>
         <size>0x56</size>
         <input_file_ref idref="fl-e"/>
      </object_component>
      <object_component id="oc-63c">
         <name>.text:List_AddIndirect</name>
         <load_address>0x1315c</load_address>
         <run_address>0x1315c</run_address>
         <size>0x54</size>
         <input_file_ref idref="fl-6"/>
      </object_component>
      <object_component id="oc-4e7">
         <name>.text:__TI_auto_init_nobinit_nopinit_hold_wdt:__TI_auto_init_nobinit_nopinit_hold_wdt</name>
         <load_address>0x131b0</load_address>
         <run_address>0x131b0</run_address>
         <size>0x54</size>
         <input_file_ref idref="fl-55"/>
      </object_component>
      <object_component id="oc-6e2">
         <name>.text:Buffer_uint16</name>
         <load_address>0x13204</load_address>
         <run_address>0x13204</run_address>
         <size>0x52</size>
         <input_file_ref idref="fl-3"/>
      </object_component>
      <object_component id="oc-86e">
         <name>.text:MoveDownShot</name>
         <load_address>0x13256</load_address>
         <run_address>0x13256</run_address>
         <size>0x50</size>
         <input_file_ref idref="fl-d"/>
      </object_component>
      <object_component id="oc-7af">
         <name>.text:MoveRight2</name>
         <load_address>0x132a6</load_address>
         <run_address>0x132a6</run_address>
         <size>0x50</size>
         <input_file_ref idref="fl-d"/>
      </object_component>
      <object_component id="oc-7b5">
         <name>.text:MoveLeft2</name>
         <load_address>0x132f6</load_address>
         <run_address>0x132f6</run_address>
         <size>0x4e</size>
         <input_file_ref idref="fl-d"/>
      </object_component>
      <object_component id="oc-848">
         <name>.text:MoveUpShot</name>
         <load_address>0x13344</load_address>
         <run_address>0x13344</run_address>
         <size>0x4e</size>
         <input_file_ref idref="fl-d"/>
      </object_component>
      <object_component id="oc-52d">
         <name>.text:SetVcoreUp</name>
         <load_address>0x13392</load_address>
         <run_address>0x13392</run_address>
         <size>0x4e</size>
         <input_file_ref idref="fl-7"/>
      </object_component>
      <object_component id="oc-408">
         <name>.text:UART_Tx_Handler</name>
         <load_address>0x133e0</load_address>
         <run_address>0x133e0</run_address>
         <size>0x4e</size>
         <input_file_ref idref="fl-e"/>
      </object_component>
      <object_component id="oc-89d">
         <name>.text:Subsystem_SystemInit</name>
         <load_address>0x1342e</load_address>
         <run_address>0x1342e</run_address>
         <size>0x4c</size>
         <input_file_ref idref="fl-9"/>
      </object_component>
      <object_component id="oc-565">
         <name>.text:Task_Schedule</name>
         <load_address>0x1347a</load_address>
         <run_address>0x1347a</run_address>
         <size>0x4a</size>
         <input_file_ref idref="fl-a"/>
      </object_component>
      <object_component id="oc-986">
         <name>.text:Log_Header</name>
         <load_address>0x134c4</load_address>
         <run_address>0x134c4</run_address>
         <size>0x44</size>
         <input_file_ref idref="fl-9"/>
      </object_component>
      <object_component id="oc-55f">
         <name>.text:RollTimer</name>
         <load_address>0x13508</load_address>
         <run_address>0x13508</run_address>
         <size>0x44</size>
         <input_file_ref idref="fl-a"/>
      </object_component>
      <object_component id="oc-7bc">
         <name>.text:UART_RegisterReceiver</name>
         <load_address>0x1354c</load_address>
         <run_address>0x1354c</run_address>
         <size>0x44</size>
         <input_file_ref idref="fl-e"/>
      </object_component>
      <object_component id="oc-41d">
         <name>.text:main</name>
         <load_address>0x13590</load_address>
         <run_address>0x13590</run_address>
         <size>0x40</size>
         <input_file_ref idref="fl-7"/>
      </object_component>
      <object_component id="oc-475">
         <name>.text:Buffer_Dequeue</name>
         <load_address>0x135d0</load_address>
         <run_address>0x135d0</run_address>
         <size>0x3e</size>
         <input_file_ref idref="fl-2"/>
      </object_component>
      <object_component id="oc-816">
         <name>.text:TimeSince</name>
         <load_address>0x1360e</load_address>
         <run_address>0x1360e</run_address>
         <size>0x3e</size>
         <input_file_ref idref="fl-c"/>
      </object_component>
      <object_component id="oc-3fc">
         <name>.text:UART_Rx_Handler</name>
         <load_address>0x1364c</load_address>
         <run_address>0x1364c</run_address>
         <size>0x3e</size>
         <input_file_ref idref="fl-e"/>
      </object_component>
      <object_component id="oc-92b">
         <name>.text:l_asr_const</name>
         <load_address>0x1368a</load_address>
         <run_address>0x1368a</run_address>
         <size>0x3e</size>
         <input_file_ref idref="fl-6f"/>
      </object_component>
      <object_component id="oc-7e4">
         <name>.text:l_lsl_const</name>
         <load_address>0x136c8</load_address>
         <run_address>0x136c8</run_address>
         <size>0x3e</size>
         <input_file_ref idref="fl-70"/>
      </object_component>
      <object_component id="oc-64f">
         <name>.text:l_lsr_const</name>
         <load_address>0x13706</load_address>
         <run_address>0x13706</run_address>
         <size>0x3e</size>
         <input_file_ref idref="fl-4c"/>
      </object_component>
      <object_component id="oc-69b">
         <name>.text:Game_Printf</name>
         <load_address>0x13744</load_address>
         <run_address>0x13744</run_address>
         <size>0x3c</size>
         <input_file_ref idref="fl-4"/>
      </object_component>
      <object_component id="oc-682">
         <name>.text:Game_CharXY</name>
         <load_address>0x13780</load_address>
         <run_address>0x13780</run_address>
         <size>0x36</size>
         <input_file_ref idref="fl-4"/>
      </object_component>
      <object_component id="oc-890">
         <name>.text:strcasecmp</name>
         <load_address>0x137b6</load_address>
         <run_address>0x137b6</run_address>
         <size>0x36</size>
         <input_file_ref idref="fl-6c"/>
      </object_component>
      <object_component id="oc-6a2">
         <name>.text:Game_Init</name>
         <load_address>0x137ec</load_address>
         <run_address>0x137ec</run_address>
         <size>0x34</size>
         <input_file_ref idref="fl-4"/>
      </object_component>
      <object_component id="oc-75a">
         <name>.text:GetUnusedLink</name>
         <load_address>0x13820</load_address>
         <run_address>0x13820</run_address>
         <size>0x34</size>
         <input_file_ref idref="fl-6"/>
      </object_component>
      <object_component id="oc-78a">
         <name>.text:Terminal_CharXY</name>
         <load_address>0x13854</load_address>
         <run_address>0x13854</run_address>
         <size>0x32</size>
         <input_file_ref idref="fl-b"/>
      </object_component>
      <object_component id="oc-4b6">
         <name>.text:UART_printf</name>
         <load_address>0x13886</load_address>
         <run_address>0x13886</run_address>
         <size>0x32</size>
         <input_file_ref idref="fl-e"/>
      </object_component>
      <object_component id="oc-834">
         <name>.text:Game_CursorXY</name>
         <load_address>0x138b8</load_address>
         <run_address>0x138b8</run_address>
         <size>0x30</size>
         <input_file_ref idref="fl-4"/>
      </object_component>
      <object_component id="oc-783">
         <name>.text:UART_vprintf</name>
         <load_address>0x138e8</load_address>
         <run_address>0x138e8</run_address>
         <size>0x2e</size>
         <input_file_ref idref="fl-e"/>
      </object_component>
      <object_component id="oc-993">
         <name>.text:Subsystem_GetName</name>
         <load_address>0x13916</load_address>
         <run_address>0x13916</run_address>
         <size>0x2c</size>
         <input_file_ref idref="fl-9"/>
      </object_component>
      <object_component id="oc-77d">
         <name>.text:Terminal_CursorXY</name>
         <load_address>0x13942</load_address>
         <run_address>0x13942</run_address>
         <size>0x2c</size>
         <input_file_ref idref="fl-b"/>
      </object_component>
      <object_component id="oc-57c">
         <name>.text:Buffer_Init</name>
         <load_address>0x1396e</load_address>
         <run_address>0x1396e</run_address>
         <size>0x2a</size>
         <input_file_ref idref="fl-2"/>
      </object_component>
      <object_component id="oc-6d6">
         <name>.text:Buffer_int32</name>
         <load_address>0x13998</load_address>
         <run_address>0x13998</run_address>
         <size>0x2a</size>
         <input_file_ref idref="fl-3"/>
      </object_component>
      <object_component id="oc-8ba">
         <name>.text:DeleteShot1</name>
         <load_address>0x139c2</load_address>
         <run_address>0x139c2</run_address>
         <size>0x2a</size>
         <input_file_ref idref="fl-d"/>
      </object_component>
      <object_component id="oc-776">
         <name>.text:Game_IsTransmitting</name>
         <load_address>0x139ec</load_address>
         <run_address>0x139ec</run_address>
         <size>0x2a</size>
         <input_file_ref idref="fl-4"/>
      </object_component>
      <object_component id="oc-66e">
         <name>.text:Game_SetColor</name>
         <load_address>0x13a16</load_address>
         <run_address>0x13a16</run_address>
         <size>0x2a</size>
         <input_file_ref idref="fl-4"/>
      </object_component>
      <object_component id="oc-962">
         <name>.text:UART_WriteByte</name>
         <load_address>0x13a40</load_address>
         <run_address>0x13a40</run_address>
         <size>0x2a</size>
         <input_file_ref idref="fl-e"/>
      </object_component>
      <object_component id="oc-770">
         <name>.text:DelayMs</name>
         <load_address>0x13a6a</load_address>
         <run_address>0x13a6a</run_address>
         <size>0x28</size>
         <input_file_ref idref="fl-c"/>
      </object_component>
      <object_component id="oc-8f1">
         <name>.text:DeleteShot2</name>
         <load_address>0x13a92</load_address>
         <run_address>0x13a92</run_address>
         <size>0x28</size>
         <input_file_ref idref="fl-d"/>
      </object_component>
      <object_component id="oc-866">
         <name>.text:__mspabi_fixdi</name>
         <load_address>0x13aba</load_address>
         <run_address>0x13aba</run_address>
         <size>0x28</size>
         <input_file_ref idref="fl-5f"/>
      </object_component>
      <object_component id="oc-3b0">
         <name>.text:decompress:ZI:__TI_zero_init</name>
         <load_address>0x13ae2</load_address>
         <run_address>0x13ae2</run_address>
         <size>0x24</size>
         <input_file_ref idref="fl-56"/>
      </object_component>
      <object_component id="oc-702">
         <name>.text:hal_UART_TxInterruptEnabled</name>
         <load_address>0x13b06</load_address>
         <run_address>0x13b06</run_address>
         <size>0x24</size>
         <input_file_ref idref="fl-5"/>
      </object_component>
      <object_component id="oc-930">
         <name>.text</name>
         <load_address>0x13b2a</load_address>
         <run_address>0x13b2a</run_address>
         <size>0x24</size>
         <input_file_ref idref="fl-51"/>
      </object_component>
      <object_component id="oc-6ee">
         <name>.text:Buffer_int16</name>
         <load_address>0x13b4e</load_address>
         <run_address>0x13b4e</run_address>
         <size>0x22</size>
         <input_file_ref idref="fl-3"/>
      </object_component>
      <object_component id="oc-67a">
         <name>.text:Game_PrintfXY</name>
         <load_address>0x13b70</load_address>
         <run_address>0x13b70</run_address>
         <size>0x20</size>
         <input_file_ref idref="fl-4"/>
      </object_component>
      <object_component id="oc-5bd">
         <name>.text:List_GetFirst</name>
         <load_address>0x13b90</load_address>
         <run_address>0x13b90</run_address>
         <size>0x20</size>
         <input_file_ref idref="fl-6"/>
      </object_component>
      <object_component id="oc-4a9">
         <name>.text:Shooty_Init</name>
         <load_address>0x13bb0</load_address>
         <run_address>0x13bb0</run_address>
         <size>0x20</size>
         <input_file_ref idref="fl-d"/>
      </object_component>
      <object_component id="oc-769">
         <name>.text:Terminal_SetColor</name>
         <load_address>0x13bd0</load_address>
         <run_address>0x13bd0</run_address>
         <size>0x20</size>
         <input_file_ref idref="fl-b"/>
      </object_component>
      <object_component id="oc-46d">
         <name>.text:hal_UART_DataAvailable</name>
         <load_address>0x13bf0</load_address>
         <run_address>0x13bf0</run_address>
         <size>0x20</size>
         <input_file_ref idref="fl-5"/>
      </object_component>
      <object_component id="oc-481">
         <name>.text:hal_UART_SpaceAvailable</name>
         <load_address>0x13c10</load_address>
         <run_address>0x13c10</run_address>
         <size>0x20</size>
         <input_file_ref idref="fl-5"/>
      </object_component>
      <object_component id="oc-5cf">
         <name>.text:List_Remove</name>
         <load_address>0x13c30</load_address>
         <run_address>0x13c30</run_address>
         <size>0x1e</size>
         <input_file_ref idref="fl-6"/>
      </object_component>
      <object_component id="oc-535">
         <name>.text:Timing_Init</name>
         <load_address>0x13c4e</load_address>
         <run_address>0x13c4e</run_address>
         <size>0x1e</size>
         <input_file_ref idref="fl-c"/>
      </object_component>
      <object_component id="oc-81d">
         <name>.text:UART_IsTransmitting</name>
         <load_address>0x13c6c</load_address>
         <run_address>0x13c6c</run_address>
         <size>0x1e</size>
         <input_file_ref idref="fl-e"/>
      </object_component>
      <object_component id="oc-922">
         <name>.text:ScorePoint1</name>
         <load_address>0x13c8a</load_address>
         <run_address>0x13c8a</run_address>
         <size>0x1c</size>
         <input_file_ref idref="fl-d"/>
      </object_component>
      <object_component id="oc-946">
         <name>.text:ScorePoint2</name>
         <load_address>0x13ca6</load_address>
         <run_address>0x13ca6</run_address>
         <size>0x1c</size>
         <input_file_ref idref="fl-d"/>
      </object_component>
      <object_component id="oc-878">
         <name>.text:Terminal_HideCursor</name>
         <load_address>0x13cc2</load_address>
         <run_address>0x13cc2</run_address>
         <size>0x1c</size>
         <input_file_ref idref="fl-b"/>
      </object_component>
      <object_component id="oc-88a">
         <name>.text:Terminal_ShowCursor</name>
         <load_address>0x13cde</load_address>
         <run_address>0x13cde</run_address>
         <size>0x1c</size>
         <input_file_ref idref="fl-b"/>
      </object_component>
      <object_component id="oc-45b">
         <name>.text:hal_UART_RxByte</name>
         <load_address>0x13cfa</load_address>
         <run_address>0x13cfa</run_address>
         <size>0x1c</size>
         <input_file_ref idref="fl-5"/>
      </object_component>
      <object_component id="oc-6e8">
         <name>.text:Buffer_Str</name>
         <load_address>0x13d16</load_address>
         <run_address>0x13d16</run_address>
         <size>0x1a</size>
         <input_file_ref idref="fl-3"/>
      </object_component>
      <object_component id="oc-546">
         <name>.text:SortTask</name>
         <load_address>0x13d30</load_address>
         <run_address>0x13d30</run_address>
         <size>0x1a</size>
         <input_file_ref idref="fl-a"/>
      </object_component>
      <object_component id="oc-59f">
         <name>.text:Game_EnableMultiPlayer</name>
         <load_address>0x13d4a</load_address>
         <run_address>0x13d4a</run_address>
         <size>0x18</size>
         <input_file_ref idref="fl-4"/>
      </object_component>
      <object_component id="oc-62f">
         <name>.text:List_GetNext</name>
         <load_address>0x13d62</load_address>
         <run_address>0x13d62</run_address>
         <size>0x18</size>
         <input_file_ref idref="fl-6"/>
      </object_component>
      <object_component id="oc-616">
         <name>.text:hal_Timing_Init</name>
         <load_address>0x13d7a</load_address>
         <run_address>0x13d7a</run_address>
         <size>0x18</size>
         <input_file_ref idref="fl-c"/>
      </object_component>
      <object_component id="oc-453">
         <name>.text</name>
         <load_address>0x13d92</load_address>
         <run_address>0x13d92</run_address>
         <size>0x18</size>
         <input_file_ref idref="fl-4e"/>
      </object_component>
      <object_component id="oc-828">
         <name>.text:Game_Bell</name>
         <load_address>0x13daa</load_address>
         <run_address>0x13daa</run_address>
         <size>0x16</size>
         <input_file_ref idref="fl-4"/>
      </object_component>
      <object_component id="oc-668">
         <name>.text:Game_ClearScreen</name>
         <load_address>0x13dc0</load_address>
         <run_address>0x13dc0</run_address>
         <size>0x16</size>
         <input_file_ref idref="fl-4"/>
      </object_component>
      <object_component id="oc-58e">
         <name>.text:Help</name>
         <load_address>0x13dd6</load_address>
         <run_address>0x13dd6</run_address>
         <size>0x16</size>
         <input_file_ref idref="fl-d"/>
      </object_component>
      <object_component id="oc-955">
         <name>.text:LogStr</name>
         <load_address>0x13dec</load_address>
         <run_address>0x13dec</run_address>
         <size>0x16</size>
         <input_file_ref idref="fl-9"/>
      </object_component>
      <object_component id="oc-402">
         <name>.text:hal_UART_ClearRxIF</name>
         <load_address>0x13e02</load_address>
         <run_address>0x13e02</run_address>
         <size>0x16</size>
         <input_file_ref idref="fl-5"/>
      </object_component>
      <object_component id="oc-644">
         <name>.text:hal_UART_Disable</name>
         <load_address>0x13e18</load_address>
         <run_address>0x13e18</run_address>
         <size>0x16</size>
         <input_file_ref idref="fl-5"/>
      </object_component>
      <object_component id="oc-48d">
         <name>.text:hal_UART_DisableTxInterrupt</name>
         <load_address>0x13e2e</load_address>
         <run_address>0x13e2e</run_address>
         <size>0x16</size>
         <input_file_ref idref="fl-5"/>
      </object_component>
      <object_component id="oc-654">
         <name>.text:hal_UART_Enable</name>
         <load_address>0x13e44</load_address>
         <run_address>0x13e44</run_address>
         <size>0x16</size>
         <input_file_ref idref="fl-5"/>
      </object_component>
      <object_component id="oc-660">
         <name>.text:hal_UART_EnableRxInterrupt</name>
         <load_address>0x13e5a</load_address>
         <run_address>0x13e5a</run_address>
         <size>0x16</size>
         <input_file_ref idref="fl-5"/>
      </object_component>
      <object_component id="oc-65a">
         <name>.text:hal_UART_EnableTxInterrupt</name>
         <load_address>0x13e70</load_address>
         <run_address>0x13e70</run_address>
         <size>0x16</size>
         <input_file_ref idref="fl-5"/>
      </object_component>
      <object_component id="oc-47b">
         <name>.text:hal_UART_TxByte</name>
         <load_address>0x13e86</load_address>
         <run_address>0x13e86</run_address>
         <size>0x16</size>
         <input_file_ref idref="fl-5"/>
      </object_component>
      <object_component id="oc-7dc">
         <name>.text</name>
         <load_address>0x13e9c</load_address>
         <run_address>0x13e9c</run_address>
         <size>0x16</size>
         <input_file_ref idref="fl-30"/>
      </object_component>
      <object_component id="oc-635">
         <name>.text:Timing_Roll</name>
         <load_address>0x13eb2</load_address>
         <run_address>0x13eb2</run_address>
         <size>0x14</size>
         <input_file_ref idref="fl-c"/>
      </object_component>
      <object_component id="oc-38c">
         <name>.text:memcpy</name>
         <load_address>0x13ec6</load_address>
         <run_address>0x13ec6</run_address>
         <size>0x14</size>
         <input_file_ref idref="fl-6a"/>
      </object_component>
      <object_component id="oc-73">
         <name>.text:decompress:none:__TI_decompress_none</name>
         <load_address>0x13eda</load_address>
         <run_address>0x13eda</run_address>
         <size>0x12</size>
         <input_file_ref idref="fl-5b"/>
      </object_component>
      <object_component id="oc-902">
         <name>.text:tolower</name>
         <load_address>0x13eec</load_address>
         <run_address>0x13eec</run_address>
         <size>0x12</size>
         <input_file_ref idref="fl-6e"/>
      </object_component>
      <object_component id="oc-93f">
         <name>.text:l_lsr</name>
         <load_address>0x13efe</load_address>
         <run_address>0x13efe</run_address>
         <size>0x10</size>
         <input_file_ref idref="fl-4c"/>
      </object_component>
      <object_component id="oc-552">
         <name>.text:IdentifyTask</name>
         <load_address>0x13f0e</load_address>
         <run_address>0x13f0e</run_address>
         <size>0xe</size>
         <input_file_ref idref="fl-a"/>
      </object_component>
      <object_component id="oc-5c9">
         <name>.text:List_UnlinkFirst</name>
         <load_address>0x13f1c</load_address>
         <run_address>0x13f1c</run_address>
         <size>0xc</size>
         <input_file_ref idref="fl-6"/>
      </object_component>
      <object_component id="oc-85a">
         <name>.text:__mspabi_fltid</name>
         <load_address>0x13f28</load_address>
         <run_address>0x13f28</run_address>
         <size>0xc</size>
         <input_file_ref idref="fl-61"/>
      </object_component>
      <object_component id="oc-68e">
         <name>.text:Game_RegisterPlayer1Receiver</name>
         <load_address>0x13f34</load_address>
         <run_address>0x13f34</run_address>
         <size>0xa</size>
         <input_file_ref idref="fl-4"/>
      </object_component>
      <object_component id="oc-82e">
         <name>.text:Game_UnregisterPlayer1Receiver</name>
         <load_address>0x13f3e</load_address>
         <run_address>0x13f3e</run_address>
         <size>0xa</size>
         <input_file_ref idref="fl-4"/>
      </object_component>
      <object_component id="oc-5c3">
         <name>.text:TimeNow</name>
         <load_address>0x13f48</load_address>
         <run_address>0x13f48</run_address>
         <size>0xa</size>
         <input_file_ref idref="fl-c"/>
      </object_component>
      <object_component id="oc-467">
         <name>.text</name>
         <load_address>0x13f52</load_address>
         <run_address>0x13f52</run_address>
         <size>0xa</size>
         <input_file_ref idref="fl-4b"/>
      </object_component>
      <object_component id="oc-694">
         <name>.text:Game_HideCursor</name>
         <load_address>0x13f5c</load_address>
         <run_address>0x13f5c</run_address>
         <size>0x8</size>
         <input_file_ref idref="fl-4"/>
      </object_component>
      <object_component id="oc-83a">
         <name>.text:Game_ShowCursor</name>
         <load_address>0x13f64</load_address>
         <run_address>0x13f64</run_address>
         <size>0x8</size>
         <input_file_ref idref="fl-4"/>
      </object_component>
      <object_component id="oc-87e">
         <name>.text:Log_GetEcho</name>
         <load_address>0x13f6c</load_address>
         <run_address>0x13f6c</run_address>
         <size>0x8</size>
         <input_file_ref idref="fl-9"/>
      </object_component>
      <object_component id="oc-558">
         <name>.text:List_SetIdentifyFunction</name>
         <load_address>0x13f74</load_address>
         <run_address>0x13f74</run_address>
         <size>0x6</size>
         <input_file_ref idref="fl-6"/>
      </object_component>
      <object_component id="oc-54c">
         <name>.text:List_SetSortFunction</name>
         <load_address>0x13f7a</load_address>
         <run_address>0x13f7a</run_address>
         <size>0x6</size>
         <input_file_ref idref="fl-6"/>
      </object_component>
      <object_component id="oc-884">
         <name>.text:Log_EchoOff</name>
         <load_address>0x13f80</load_address>
         <run_address>0x13f80</run_address>
         <size>0x6</size>
         <input_file_ref idref="fl-9"/>
      </object_component>
      <object_component id="oc-4af">
         <name>.text:Log_EchoOn</name>
         <load_address>0x13f86</load_address>
         <run_address>0x13f86</run_address>
         <size>0x6</size>
         <input_file_ref idref="fl-9"/>
      </object_component>
      <object_component id="oc-84e">
         <name>.text:__mspabi_fltud</name>
         <load_address>0x13f8c</load_address>
         <run_address>0x13f8c</run_address>
         <size>0x6</size>
         <input_file_ref idref="fl-63"/>
      </object_component>
      <object_component id="oc-4c3">
         <name>.text:abort</name>
         <load_address>0x13f92</load_address>
         <run_address>0x13f92</run_address>
         <size>0x6</size>
         <input_file_ref idref="fl-67"/>
      </object_component>
      <object_component id="oc-487">
         <name>.text:Buffer_GetSize</name>
         <load_address>0x13f98</load_address>
         <run_address>0x13f98</run_address>
         <size>0x4</size>
         <input_file_ref idref="fl-2"/>
      </object_component>
      <object_component id="oc-896">
         <name>.text:Play</name>
         <load_address>0x13f9c</load_address>
         <run_address>0x13f9c</run_address>
         <size>0x4</size>
         <input_file_ref idref="fl-4"/>
      </object_component>
      <object_component id="oc-417">
         <name>.text:_system_pre_init</name>
         <load_address>0x13fa0</load_address>
         <run_address>0x13fa0</run_address>
         <size>0x4</size>
         <input_file_ref idref="fl-59"/>
      </object_component>
      <object_component id="oc-840">
         <name>.text:Game_GameOver</name>
         <load_address>0x13fa4</load_address>
         <run_address>0x13fa4</run_address>
         <size>0x2</size>
         <input_file_ref idref="fl-4"/>
      </object_component>
      <object_component id="oc-5ee">
         <name>.text:_system_post_cinit</name>
         <load_address>0x13fa6</load_address>
         <run_address>0x13fa6</run_address>
         <size>0x2</size>
         <input_file_ref idref="fl-5a"/>
      </object_component>
      <object_component id="oc-3bc">
         <name>.text:_isr:_c_int00_noargs</name>
         <load_address>0x4400</load_address>
         <run_address>0x4400</run_address>
         <size>0x1c</size>
         <input_file_ref idref="fl-54"/>
      </object_component>
      <object_component id="oc-3a4">
         <name>.text:_isr:_UART0_ISR</name>
         <load_address>0x441c</load_address>
         <run_address>0x441c</run_address>
         <size>0x18</size>
         <input_file_ref idref="fl-5"/>
      </object_component>
      <object_component id="oc-39e">
         <name>.text:_isr:TIMER0_A0_ISR</name>
         <load_address>0x4434</load_address>
         <run_address>0x4434</run_address>
         <size>0xe</size>
         <input_file_ref idref="fl-c"/>
      </object_component>
      <object_component id="oc-399">
         <name>.text:_isr:__TI_ISR_TRAP</name>
         <load_address>0x4442</load_address>
         <run_address>0x4442</run_address>
         <size>0x8</size>
         <input_file_ref idref="fl-4a"/>
      </object_component>
      <object_component id="oc-a12">
         <name>.cinit..data.load</name>
         <load_address>0x514e</load_address>
         <run_address>0x514e</run_address>
         <size>0x1c</size>
      </object_component>
      <object_component id="oc-a0f">
         <name>__TI_handler_table</name>
         <load_address>0x516a</load_address>
         <run_address>0x516a</run_address>
         <size>0xc</size>
      </object_component>
      <object_component id="oc-a11">
         <name>.cinit..bss.load</name>
         <load_address>0x5176</load_address>
         <run_address>0x5176</run_address>
         <size>0x6</size>
      </object_component>
      <object_component id="oc-a10">
         <name>__TI_cinit_table</name>
         <load_address>0x517c</load_address>
         <run_address>0x517c</run_address>
         <size>0x10</size>
      </object_component>
      <object_component id="oc-587">
         <name>.const:.string</name>
         <load_address>0x444a</load_address>
         <run_address>0x444a</run_address>
         <size>0x9e2</size>
         <input_file_ref idref="fl-d"/>
      </object_component>
      <object_component id="oc-767">
         <name>.const:.string</name>
         <load_address>0x4e2c</load_address>
         <run_address>0x4e2c</run_address>
         <size>0x116</size>
         <input_file_ref idref="fl-4"/>
      </object_component>
      <object_component id="oc-94d">
         <name>.const:.string:_ctypes_</name>
         <load_address>0x4f42</load_address>
         <run_address>0x4f42</run_address>
         <size>0x101</size>
         <input_file_ref idref="fl-74"/>
      </object_component>
      <object_component id="oc-90f">
         <name>.const:.string</name>
         <load_address>0x5044</load_address>
         <run_address>0x5044</run_address>
         <size>0xc4</size>
         <input_file_ref idref="fl-9"/>
      </object_component>
      <object_component id="oc-814">
         <name>.const:.string</name>
         <load_address>0x5108</load_address>
         <run_address>0x5108</run_address>
         <size>0x30</size>
         <input_file_ref idref="fl-b"/>
      </object_component>
      <object_component id="oc-4b5">
         <name>.const:.string</name>
         <load_address>0x5138</load_address>
         <run_address>0x5138</run_address>
         <size>0x16</size>
         <input_file_ref idref="fl-7"/>
      </object_component>
      <object_component id="oc-9a1">
         <name>.binit</name>
         <load_address>0x4400</load_address>
         <run_address>0x4400</run_address>
         <size>0x0</size>
      </object_component>
      <object_component id="oc-79">
         <name>.int41</name>
         <load_address>0xffd2</load_address>
         <run_address>0xffd2</run_address>
         <size>0x2</size>
         <input_file_ref idref="fl-36"/>
      </object_component>
      <object_component id="oc-7a">
         <name>.int42</name>
         <load_address>0xffd4</load_address>
         <run_address>0xffd4</run_address>
         <size>0x2</size>
         <input_file_ref idref="fl-37"/>
      </object_component>
      <object_component id="oc-7b">
         <name>.int43</name>
         <load_address>0xffd6</load_address>
         <run_address>0xffd6</run_address>
         <size>0x2</size>
         <input_file_ref idref="fl-38"/>
      </object_component>
      <object_component id="oc-7c">
         <name>.int44</name>
         <load_address>0xffd8</load_address>
         <run_address>0xffd8</run_address>
         <size>0x2</size>
         <input_file_ref idref="fl-39"/>
      </object_component>
      <object_component id="oc-7d">
         <name>.int45</name>
         <load_address>0xffda</load_address>
         <run_address>0xffda</run_address>
         <size>0x2</size>
         <input_file_ref idref="fl-3a"/>
      </object_component>
      <object_component id="oc-7e">
         <name>.int46</name>
         <load_address>0xffdc</load_address>
         <run_address>0xffdc</run_address>
         <size>0x2</size>
         <input_file_ref idref="fl-3b"/>
      </object_component>
      <object_component id="oc-7f">
         <name>.int47</name>
         <load_address>0xffde</load_address>
         <run_address>0xffde</run_address>
         <size>0x2</size>
         <input_file_ref idref="fl-3c"/>
      </object_component>
      <object_component id="oc-80">
         <name>.int48</name>
         <load_address>0xffe0</load_address>
         <run_address>0xffe0</run_address>
         <size>0x2</size>
         <input_file_ref idref="fl-3d"/>
      </object_component>
      <object_component id="oc-81">
         <name>.int49</name>
         <load_address>0xffe2</load_address>
         <run_address>0xffe2</run_address>
         <size>0x2</size>
         <input_file_ref idref="fl-3e"/>
      </object_component>
      <object_component id="oc-82">
         <name>.int50</name>
         <load_address>0xffe4</load_address>
         <run_address>0xffe4</run_address>
         <size>0x2</size>
         <input_file_ref idref="fl-3f"/>
      </object_component>
      <object_component id="oc-83">
         <name>.int51</name>
         <load_address>0xffe6</load_address>
         <run_address>0xffe6</run_address>
         <size>0x2</size>
         <input_file_ref idref="fl-40"/>
      </object_component>
      <object_component id="oc-84">
         <name>.int52</name>
         <load_address>0xffe8</load_address>
         <run_address>0xffe8</run_address>
         <size>0x2</size>
         <input_file_ref idref="fl-41"/>
      </object_component>
      <object_component id="oc-85">
         <name>.int53</name>
         <load_address>0xffea</load_address>
         <run_address>0xffea</run_address>
         <size>0x2</size>
         <input_file_ref idref="fl-c"/>
      </object_component>
      <object_component id="oc-86">
         <name>.int54</name>
         <load_address>0xffec</load_address>
         <run_address>0xffec</run_address>
         <size>0x2</size>
         <input_file_ref idref="fl-42"/>
      </object_component>
      <object_component id="oc-87">
         <name>.int55</name>
         <load_address>0xffee</load_address>
         <run_address>0xffee</run_address>
         <size>0x2</size>
         <input_file_ref idref="fl-43"/>
      </object_component>
      <object_component id="oc-88">
         <name>.int56</name>
         <load_address>0xfff0</load_address>
         <run_address>0xfff0</run_address>
         <size>0x2</size>
         <input_file_ref idref="fl-5"/>
      </object_component>
      <object_component id="oc-89">
         <name>.int57</name>
         <load_address>0xfff2</load_address>
         <run_address>0xfff2</run_address>
         <size>0x2</size>
         <input_file_ref idref="fl-44"/>
      </object_component>
      <object_component id="oc-8a">
         <name>.int58</name>
         <load_address>0xfff4</load_address>
         <run_address>0xfff4</run_address>
         <size>0x2</size>
         <input_file_ref idref="fl-45"/>
      </object_component>
      <object_component id="oc-8b">
         <name>.int59</name>
         <load_address>0xfff6</load_address>
         <run_address>0xfff6</run_address>
         <size>0x2</size>
         <input_file_ref idref="fl-46"/>
      </object_component>
      <object_component id="oc-8c">
         <name>.int60</name>
         <load_address>0xfff8</load_address>
         <run_address>0xfff8</run_address>
         <size>0x2</size>
         <input_file_ref idref="fl-47"/>
      </object_component>
      <object_component id="oc-8d">
         <name>.int61</name>
         <load_address>0xfffa</load_address>
         <run_address>0xfffa</run_address>
         <size>0x2</size>
         <input_file_ref idref="fl-48"/>
      </object_component>
      <object_component id="oc-8e">
         <name>.int62</name>
         <load_address>0xfffc</load_address>
         <run_address>0xfffc</run_address>
         <size>0x2</size>
         <input_file_ref idref="fl-49"/>
      </object_component>
      <object_component id="oc-380">
         <name>.reset</name>
         <load_address>0xfffe</load_address>
         <run_address>0xfffe</run_address>
         <size>0x2</size>
         <input_file_ref idref="fl-54"/>
      </object_component>
      <object_component id="oc-502">
         <name>.debug_info</name>
         <load_address>0x0</load_address>
         <run_address>0x0</run_address>
         <size>0x2ec</size>
         <input_file_ref idref="fl-2"/>
      </object_component>
      <object_component id="oc-57d">
         <name>.debug_info</name>
         <load_address>0x2ec</load_address>
         <run_address>0x2ec</run_address>
         <size>0x27e</size>
         <input_file_ref idref="fl-2"/>
      </object_component>
      <object_component id="oc-488">
         <name>.debug_info</name>
         <load_address>0x56a</load_address>
         <run_address>0x56a</run_address>
         <size>0x21c</size>
         <input_file_ref idref="fl-2"/>
      </object_component>
      <object_component id="oc-462">
         <name>.debug_info</name>
         <load_address>0x786</load_address>
         <run_address>0x786</run_address>
         <size>0x278</size>
         <input_file_ref idref="fl-2"/>
      </object_component>
      <object_component id="oc-476">
         <name>.debug_info</name>
         <load_address>0x9fe</load_address>
         <run_address>0x9fe</run_address>
         <size>0x242</size>
         <input_file_ref idref="fl-2"/>
      </object_component>
      <object_component id="oc-50b">
         <name>.debug_info</name>
         <load_address>0xc40</load_address>
         <run_address>0xc40</run_address>
         <size>0xd6</size>
         <input_file_ref idref="fl-2"/>
      </object_component>
      <object_component id="oc-44e">
         <name>.debug_info</name>
         <load_address>0xd16</load_address>
         <run_address>0xd16</run_address>
         <size>0x26b</size>
         <input_file_ref idref="fl-2"/>
      </object_component>
      <object_component id="oc-444">
         <name>.debug_info</name>
         <load_address>0xf81</load_address>
         <run_address>0xf81</run_address>
         <size>0x757</size>
         <input_file_ref idref="fl-2"/>
      </object_component>
      <object_component id="oc-6c6">
         <name>.debug_info</name>
         <load_address>0x16d8</load_address>
         <run_address>0x16d8</run_address>
         <size>0xb1</size>
         <input_file_ref idref="fl-2"/>
      </object_component>
      <object_component id="oc-387">
         <name>.debug_info</name>
         <load_address>0x1789</load_address>
         <run_address>0x1789</run_address>
         <size>0x84</size>
         <input_file_ref idref="fl-2"/>
      </object_component>
      <object_component id="oc-503">
         <name>.debug_info</name>
         <load_address>0x180d</load_address>
         <run_address>0x180d</run_address>
         <size>0x275</size>
         <input_file_ref idref="fl-2"/>
      </object_component>
[...]
         <object_component_ref idref="oc-791"/>
      </symbol>
      <symbol id="sm-91e">
         <name>DeleteShot1</name>
         <value>0x139c2</value>
         <object_component_ref idref="oc-8ba"/>
      </symbol>
      <symbol id="sm-91f">
         <name>DeleteShot2</name>
         <value>0x13a92</value>
         <object_component_ref idref="oc-8f1"/>
      </symbol>
      <symbol id="sm-920">
         <name>Play</name>
         <value>0x10466</value>
         <object_component_ref idref="oc-588"/>
      </symbol>
      <symbol id="sm-921">
         <name>GameOver</name>
         <value>0x11284</value>
         <object_component_ref idref="oc-797"/>
      </symbol>
      <symbol id="sm-922">
         <name>Help</name>
         <value>0x13dd6</value>
         <object_component_ref idref="oc-58e"/>
      </symbol>
      <symbol id="sm-9a3">
         <name>rx0</name>
         <value>0x412e</value>
      </symbol>
      <symbol id="sm-9a4">
         <name>tx0</name>
         <value>0x414a</value>
      </symbol>
      <symbol id="sm-9a5">
         <name>tx_buffer_array0</name>
         <value>0x2400</value>
      </symbol>
      <symbol id="sm-9a6">
         <name>rx_buffer_array0</name>
         <value>0x410e</value>
      </symbol>
      <symbol id="sm-9a7">
         <name>receiverList0</name>
         <value>0x41c2</value>
      </symbol>
      <symbol id="sm-9a8">
         <name>receiver_array0</name>
         <value>0x41ca</value>
      </symbol>
      <symbol id="sm-9a9">
         <name>uart</name>
         <value>0x41a8</value>
      </symbol>
      <symbol id="sm-9aa">
         <name>rx_flags</name>
         <value>0x41e2</value>
      </symbol>
      <symbol id="sm-9ab">
         <name>error_flags</name>
         <value>0x41e0</value>
      </symbol>
      <symbol id="sm-9ac">
         <name>UART_Rx_Handler</name>
         <value>0x1364c</value>
         <object_component_ref idref="oc-3fc"/>
      </symbol>
      <symbol id="sm-9ad">
         <name>UART_Tx_Handler</name>
         <value>0x133e0</value>
         <object_component_ref idref="oc-408"/>
      </symbol>
      <symbol id="sm-9ae">
         <name>UART_printf</name>
         <value>0x13886</value>
         <object_component_ref idref="oc-4b6"/>
      </symbol>
      <symbol id="sm-9af">
         <name>UART_WriteByte</name>
         <value>0x13a40</value>
         <object_component_ref idref="oc-962"/>
      </symbol>
      <symbol id="sm-9b0">
         <name>UART_RegisterReceiver</name>
         <value>0x1354c</value>
         <object_component_ref idref="oc-7bc"/>
      </symbol>
      <symbol id="sm-9b1">
         <name>UART_IsTransmitting</name>
         <value>0x13c6c</value>
         <object_component_ref idref="oc-81d"/>
      </symbol>
      <symbol id="sm-9b2">
         <name>UART_vprintf</name>
         <value>0x138e8</value>
         <object_component_ref idref="oc-783"/>
      </symbol>
      <symbol id="sm-9b3">
         <name>UART_Tick</name>
         <value>0x11824</value>
         <object_component_ref idref="oc-56d"/>
      </symbol>
      <symbol id="sm-9b4">
         <name>UART_UnregisterReceiver</name>
         <value>0x1260a</value>
         <object_component_ref idref="oc-8b0"/>
      </symbol>
      <symbol id="sm-9b5">
         <name>UART_Init</name>
         <value>0x12432</value>
         <object_component_ref idref="oc-4a3"/>
      </symbol>
      <symbol id="sm-9c0">
         <name>__mspabi_remu</name>
         <value>0x13e9c</value>
         <object_component_ref idref="oc-7dc"/>
      </symbol>
      <symbol id="sm-9c1">
         <name>__mspabi_divu</name>
         <value>0x13e9c</value>
         <object_component_ref idref="oc-7dc"/>
      </symbol>
      <symbol id="sm-9d0">
         <name>__mspabi_remul</name>
         <value>0x13002</value>
         <object_component_ref idref="oc-64a"/>
      </symbol>
      <symbol id="sm-9d1">
         <name>__mspabi_divul</name>
         <value>0x13002</value>
         <object_component_ref idref="oc-64a"/>
      </symbol>
      <symbol id="sm-9e8">
         <name>__mspabi_mpyf</name>
         <value>0x120d0</value>
         <object_component_ref idref="oc-7f0"/>
      </symbol>
      <symbol id="sm-9fa">
         <name>__mspabi_fixfi</name>
         <value>0x12cb0</value>
         <object_component_ref idref="oc-7eb"/>
      </symbol>
      <symbol id="sm-a0d">
         <name>__mspabi_fixfli</name>
         <value>0x12a58</value>
         <object_component_ref idref="oc-7f5"/>
      </symbol>
      <symbol id="sm-a10">
         <name>__TI_int41</name>
         <value>0xffd2</value>
         <object_component_ref idref="oc-79"/>
      </symbol>
      <symbol id="sm-a13">
         <name>__TI_int42</name>
         <value>0xffd4</value>
         <object_component_ref idref="oc-7a"/>
      </symbol>
      <symbol id="sm-a16">
         <name>__TI_int43</name>
         <value>0xffd6</value>
         <object_component_ref idref="oc-7b"/>
      </symbol>
      <symbol id="sm-a19">
         <name>__TI_int44</name>
         <value>0xffd8</value>
         <object_component_ref idref="oc-7c"/>
      </symbol>
      <symbol id="sm-a1c">
         <name>__TI_int45</name>
         <value>0xffda</value>
         <object_component_ref idref="oc-7d"/>
      </symbol>
      <symbol id="sm-a1f">
         <name>__TI_int46</name>
         <value>0xffdc</value>
         <object_component_ref idref="oc-7e"/>
      </symbol>
      <symbol id="sm-a22">
         <name>__TI_int47</name>
         <value>0xffde</value>
         <object_component_ref idref="oc-7f"/>
      </symbol>
      <symbol id="sm-a25">
         <name>__TI_int48</name>
         <value>0xffe0</value>
         <object_component_ref idref="oc-80"/>
      </symbol>
      <symbol id="sm-a28">
         <name>__TI_int49</name>
         <value>0xffe2</value>
         <object_component_ref idref="oc-81"/>
      </symbol>
      <symbol id="sm-a2b">
         <name>__TI_int50</name>
         <value>0xffe4</value>
         <object_component_ref idref="oc-82"/>
      </symbol>
      <symbol id="sm-a2e">
         <name>__TI_int51</name>
         <value>0xffe6</value>
         <object_component_ref idref="oc-83"/>
      </symbol>
      <symbol id="sm-a31">
         <name>__TI_int52</name>
         <value>0xffe8</value>
         <object_component_ref idref="oc-84"/>
      </symbol>
      <symbol id="sm-a34">
         <name>__TI_int54</name>
         <value>0xffec</value>
         <object_component_ref idref="oc-86"/>
      </symbol>
      <symbol id="sm-a37">
         <name>__TI_int55</name>
         <value>0xffee</value>
         <object_component_ref idref="oc-87"/>
      </symbol>
      <symbol id="sm-a3a">
         <name>__TI_int57</name>
         <value>0xfff2</value>
         <object_component_ref idref="oc-89"/>
      </symbol>
      <symbol id="sm-a3d">
         <name>__TI_int58</name>
         <value>0xfff4</value>
         <object_component_ref idref="oc-8a"/>
      </symbol>
      <symbol id="sm-a40">
         <name>__TI_int59</name>
         <value>0xfff6</value>
         <object_component_ref idref="oc-8b"/>
      </symbol>
      <symbol id="sm-a43">
         <name>__TI_int60</name>
         <value>0xfff8</value>
         <object_component_ref idref="oc-8c"/>
      </symbol>
      <symbol id="sm-a46">
         <name>__TI_int61</name>
         <value>0xfffa</value>
         <object_component_ref idref="oc-8d"/>
      </symbol>
      <symbol id="sm-a49">
         <name>__TI_int62</name>
         <value>0xfffc</value>
         <object_component_ref idref="oc-8e"/>
      </symbol>
      <symbol id="sm-a51">
         <name>__TI_ISR_TRAP</name>
         <value>0x4442</value>
         <object_component_ref idref="oc-399"/>
      </symbol>
      <symbol id="sm-a5a">
         <name>__mspabi_slli</name>
         <value>0x13f52</value>
         <object_component_ref idref="oc-467"/>
      </symbol>
      <symbol id="sm-a6a">
         <name>__mspabi_srll_8</name>
         <value>0x13722</value>
         <object_component_ref idref="oc-64f"/>
      </symbol>
      <symbol id="sm-a6b">
         <name>__mspabi_srll_9</name>
         <value>0x1371e</value>
         <object_component_ref idref="oc-64f"/>
      </symbol>
      <symbol id="sm-a6c">
         <name>__mspabi_srll_6</name>
         <value>0x1372a</value>
         <object_component_ref idref="oc-64f"/>
      </symbol>
      <symbol id="sm-a6d">
         <name>__mspabi_srll_7</name>
         <value>0x13726</value>
         <object_component_ref idref="oc-64f"/>
      </symbol>
      <symbol id="sm-a6e">
         <name>__mspabi_srll_4</name>
         <value>0x13732</value>
         <object_component_ref idref="oc-64f"/>
      </symbol>
      <symbol id="sm-a6f">
         <name>__mspabi_srll_5</name>
         <value>0x1372e</value>
         <object_component_ref idref="oc-64f"/>
      </symbol>
      <symbol id="sm-a70">
         <name>__mspabi_srll_2</name>
         <value>0x1373a</value>
         <object_component_ref idref="oc-64f"/>
      </symbol>
      <symbol id="sm-a71">
         <name>__mspabi_srll_3</name>
         <value>0x13736</value>
         <object_component_ref idref="oc-64f"/>
      </symbol>
      <symbol id="sm-a72">
         <name>__mspabi_srll_1</name>
         <value>0x1373e</value>
         <object_component_ref idref="oc-64f"/>
      </symbol>
      <symbol id="sm-a73">
         <name>__mspabi_srll_15</name>
         <value>0x13706</value>
         <object_component_ref idref="oc-64f"/>
      </symbol>
      <symbol id="sm-a74">
         <name>__mspabi_srll_14</name>
         <value>0x1370a</value>
         <object_component_ref idref="oc-64f"/>
      </symbol>
      <symbol id="sm-a75">
         <name>__mspabi_srll_13</name>
         <value>0x1370e</value>
         <object_component_ref idref="oc-64f"/>
      </symbol>
      <symbol id="sm-a76">
         <name>__mspabi_srll_12</name>
         <value>0x13712</value>
         <object_component_ref idref="oc-64f"/>
      </symbol>
      <symbol id="sm-a77">
         <name>__mspabi_srll_11</name>
         <value>0x13716</value>
         <object_component_ref idref="oc-64f"/>
      </symbol>
      <symbol id="sm-a78">
         <name>__mspabi_srll_10</name>
         <value>0x1371a</value>
         <object_component_ref idref="oc-64f"/>
      </symbol>
      <symbol id="sm-a79">
         <name>__mspabi_srll</name>
         <value>0x13efe</value>
         <object_component_ref idref="oc-93f"/>
      </symbol>
      <symbol id="sm-a82">
         <name>__mspabi_mpyi_f5hw</name>
         <value>0x13d92</value>
         <object_component_ref idref="oc-453"/>
      </symbol>
      <symbol id="sm-a8c">
         <name>__mspabi_mpyl_f5hw</name>
         <value>0x13b2a</value>
         <object_component_ref idref="oc-930"/>
      </symbol>
      <symbol id="sm-a9e">
         <name>_stack</name>
         <value>0x4360</value>
         <object_component_ref idref="oc-37d"/>
      </symbol>
      <symbol id="sm-a9f">
         <name>_c_int00_noargs</name>
         <value>0x4400</value>
         <object_component_ref idref="oc-3bc"/>
      </symbol>
      <symbol id="sm-aa0">
         <name>_reset_vector</name>
         <value>0xfffe</value>
         <object_component_ref idref="oc-380"/>
      </symbol>
      <symbol id="sm-ac3">
         <name>__TI_auto_init_nobinit_nopinit_hold_wdt</name>
         <value>0x131b0</value>
         <object_component_ref idref="oc-4e7"/>
      </symbol>
      <symbol id="sm-ad6">
         <name>__TI_zero_init</name>
         <value>0x13ae2</value>
         <object_component_ref idref="oc-3b0"/>
      </symbol>
      <symbol id="sm-ae1">
         <name>_system_pre_init</name>
         <value>0x13fa0</value>
         <object_component_ref idref="oc-417"/>
      </symbol>
      <symbol id="sm-aea">
         <name>_system_post_cinit</name>
         <value>0x13fa6</value>
         <object_component_ref idref="oc-5ee"/>
      </symbol>
      <symbol id="sm-afb">
         <name>__TI_decompress_none</name>
         <value>0x13eda</value>
         <object_component_ref idref="oc-73"/>
      </symbol>
      <symbol id="sm-b1e">
         <name>__TI_decompress_lzss</name>
         <value>0x12bca</value>
         <object_component_ref idref="oc-6d"/>
      </symbol>
      <symbol id="sm-b31">
         <name>__mspabi_cvtdf</name>
         <value>0x1284e</value>
         <object_component_ref idref="oc-6f4"/>
      </symbol>
      <symbol id="sm-b57">
         <name>__mspabi_divd</name>
         <value>0x10e62</value>
         <object_component_ref idref="oc-860"/>
      </symbol>
      <symbol id="sm-b64">
         <name>__mspabi_fixdi</name>
         <value>0x13aba</value>
         <object_component_ref idref="oc-866"/>
      </symbol>
      <symbol id="sm-b73">
         <name>__mspabi_fixdli</name>
         <value>0x12d18</value>
         <object_component_ref idref="oc-8ea"/>
      </symbol>
      <symbol id="sm-b7c">
         <name>__mspabi_fltid</name>
         <value>0x13f28</value>
         <object_component_ref idref="oc-85a"/>
      </symbol>
      <symbol id="sm-b94">
         <name>__mspabi_fltlid</name>
         <value>0x124d0</value>
         <object_component_ref idref="oc-8db"/>
      </symbol>
      <symbol id="sm-b9d">
         <name>__mspabi_fltud</name>
         <value>0x13f8c</value>
         <object_component_ref idref="oc-84e"/>
      </symbol>
      <symbol id="sm-bb2">
         <name>__mspabi_fltuld</name>
         <value>0x1295a</value>
         <object_component_ref idref="oc-8c7"/>
      </symbol>
      <symbol id="sm-bcd">
         <name>__TI_frcdivd</name>
         <value>0x10000</value>
         <object_component_ref idref="oc-8e2"/>
      </symbol>
      <symbol id="sm-bee">
         <name>__mspabi_mpyd</name>
         <value>0x109a8</value>
         <object_component_ref idref="oc-854"/>
      </symbol>
      <symbol id="sm-bf8">
         <name>C$$EXIT</name>
         <value>0x13f92</value>
         <object_component_ref idref="oc-4c3"/>
      </symbol>
      <symbol id="sm-bf9">
         <name>abort</name>
         <value>0x13f92</value>
         <object_component_ref idref="oc-4c3"/>
      </symbol>
      <symbol id="sm-c09">
         <name>memcpy</name>
         <value>0x13ec6</value>
         <object_component_ref idref="oc-38c"/>
      </symbol>
      <symbol id="sm-c18">
         <name>strcasecmp</name>
         <value>0x137b6</value>
         <object_component_ref idref="oc-890"/>
      </symbol>
      <symbol id="sm-c26">
         <name>tolower</name>
         <value>0x13eec</value>
         <object_component_ref idref="oc-902"/>
      </symbol>
      <symbol id="sm-c2e">
         <name>__mspabi_sral_15</name>
         <value>0x1368a</value>
         <object_component_ref idref="oc-92b"/>
      </symbol>
      <symbol id="sm-c2f">
         <name>__mspabi_sral_14</name>
         <value>0x1368e</value>
         <object_component_ref idref="oc-92b"/>
      </symbol>
      <symbol id="sm-c30">
         <name>__mspabi_sral_13</name>
         <value>0x13692</value>
         <object_component_ref idref="oc-92b"/>
      </symbol>
      <symbol id="sm-c31">
         <name>__mspabi_sral_12</name>
         <value>0x13696</value>
         <object_component_ref idref="oc-92b"/>
      </symbol>
      <symbol id="sm-c32">
         <name>__mspabi_sral_11</name>
         <value>0x1369a</value>
         <object_component_ref idref="oc-92b"/>
      </symbol>
      <symbol id="sm-c33">
         <name>__mspabi_sral_10</name>
         <value>0x1369e</value>
         <object_component_ref idref="oc-92b"/>
      </symbol>
      <symbol id="sm-c34">
         <name>__mspabi_sral_8</name>
         <value>0x136a6</value>
         <object_component_ref idref="oc-92b"/>
      </symbol>
      <symbol id="sm-c35">
         <name>__mspabi_sral_9</name>
         <value>0x136a2</value>
         <object_component_ref idref="oc-92b"/>
      </symbol>
      <symbol id="sm-c36">
         <name>__mspabi_sral_6</name>
         <value>0x136ae</value>
         <object_component_ref idref="oc-92b"/>
      </symbol>
      <symbol id="sm-c37">
         <name>__mspabi_sral_7</name>
         <value>0x136aa</value>
         <object_component_ref idref="oc-92b"/>
      </symbol>
      <symbol id="sm-c38">
         <name>__mspabi_sral_4</name>
         <value>0x136b6</value>
         <object_component_ref idref="oc-92b"/>
      </symbol>
      <symbol id="sm-c39">
         <name>__mspabi_sral_5</name>
         <value>0x136b2</value>
         <object_component_ref idref="oc-92b"/>
      </symbol>
      <symbol id="sm-c3a">
         <name>__mspabi_sral_2</name>
         <value>0x136be</value>
         <object_component_ref idref="oc-92b"/>
      </symbol>
      <symbol id="sm-c3b">
         <name>__mspabi_sral_3</name>
         <value>0x136ba</value>
         <object_component_ref idref="oc-92b"/>
      </symbol>
      <symbol id="sm-c3c">
         <name>__mspabi_sral_1</name>
         <value>0x136c2</value>
         <object_component_ref idref="oc-92b"/>
      </symbol>
      <symbol id="sm-c44">
         <name>__mspabi_slll_9</name>
         <value>0x136e0</value>
         <object_component_ref idref="oc-7e4"/>
      </symbol>
      <symbol id="sm-c45">
         <name>__mspabi_slll_8</name>
         <value>0x136e4</value>
         <object_component_ref idref="oc-7e4"/>
      </symbol>
      <symbol id="sm-c46">
         <name>__mspabi_slll_7</name>
         <value>0x136e8</value>
         <object_component_ref idref="oc-7e4"/>
      </symbol>
      <symbol id="sm-c47">
         <name>__mspabi_slll_6</name>
         <value>0x136ec</value>
         <object_component_ref idref="oc-7e4"/>
      </symbol>
      <symbol id="sm-c48">
         <name>__mspabi_slll_5</name>
         <value>0x136f0</value>
         <object_component_ref idref="oc-7e4"/>
      </symbol>
      <symbol id="sm-c49">
         <name>__mspabi_slll_4</name>
         <value>0x136f4</value>
         <object_component_ref idref="oc-7e4"/>
      </symbol>
      <symbol id="sm-c4a">
         <name>__mspabi_slll_3</name>
         <value>0x136f8</value>
         <object_component_ref idref="oc-7e4"/>
      </symbol>
      <symbol id="sm-c4b">
         <name>__mspabi_slll_2</name>
         <value>0x136fc</value>
         <object_component_ref idref="oc-7e4"/>
      </symbol>
      <symbol id="sm-c4c">
         <name>__mspabi_slll_1</name>
         <value>0x13700</value>
         <object_component_ref idref="oc-7e4"/>
      </symbol>
      <symbol id="sm-c4d">
         <name>__mspabi_slll_15</name>
         <value>0x136c8</value>
         <object_component_ref idref="oc-7e4"/>
      </symbol>
      <symbol id="sm-c4e">
         <name>__mspabi_slll_14</name>
         <value>0x136cc</value>
         <object_component_ref idref="oc-7e4"/>
      </symbol>
      <symbol id="sm-c4f">
         <name>__mspabi_slll_13</name>
         <value>0x136d0</value>
         <object_component_ref idref="oc-7e4"/>
      </symbol>
      <symbol id="sm-c50">
         <name>__mspabi_slll_12</name>
         <value>0x136d4</value>
         <object_component_ref idref="oc-7e4"/>
      </symbol>
      <symbol id="sm-c51">
         <name>__mspabi_slll_11</name>
         <value>0x136d8</value>
         <object_component_ref idref="oc-7e4"/>
      </symbol>
      <symbol id="sm-c52">
         <name>__mspabi_slll_10</name>
         <value>0x136dc</value>
         <object_component_ref idref="oc-7e4"/>
      </symbol>
      <symbol id="sm-c64">
         <name>__TI_frcmpyd</name>
         <value>0x10728</value>
         <object_component_ref idref="oc-8ce"/>
      </symbol>
      <symbol id="sm-c6e">
         <name>_ctypes_</name>
         <value>0x4f42</value>
         <object_component_ref idref="oc-94d"/>
      </symbol>
      <symbol id="sm-c70">
         <name>UART_ReconfigureBaud</name>
         <value>0x11084</value>
      </symbol>
   </symbol_table>
   <title>Link successful</title>
</link_info>
